Archive member included to satisfy reference by file (symbol)

/Applications/SEGGER Embedded Studio for ARM 3.34/lib/libc_v7m_t_le_eabi.a(libc2.o)
                              Output/CH_HomeRo CH_HomeRo/Obj/bc95.o (memmove)
/Applications/SEGGER Embedded Studio for ARM 3.34/lib/libc_v7m_t_le_eabi.a(libc2_asm.o)
                              /Applications/SEGGER Embedded Studio for ARM 3.34/lib/libc_v7m_t_le_eabi.a(libc2.o) (memcpy)
/Applications/SEGGER Embedded Studio for ARM 3.34/lib/libc_v7m_t_le_eabi.a(libc_asm.o)
                              /Applications/SEGGER Embedded Studio for ARM 3.34/lib/libc_v7m_t_le_eabi.a(libc2.o) (__aeabi_uldivmod)
/Applications/SEGGER Embedded Studio for ARM 3.34/lib/libdebugio_v7m_t_le_eabi.a(libdebugio.o)
                              Output/CH_HomeRo CH_HomeRo/Obj/thumb_crt0.o (debug_fopen)
/Applications/SEGGER Embedded Studio for ARM 3.34/lib/libdebugio_mempoll_v7m_t_le_eabi.a(mempoll_debug_operations.o)
                              /Applications/SEGGER Embedded Studio for ARM 3.34/lib/libdebugio_v7m_t_le_eabi.a(libdebugio.o) (__do_debug_operation)
/Applications/SEGGER Embedded Studio for ARM 3.34/lib/libdebugio_mempoll_v7m_t_le_eabi.a(do_nv_debug_operation.o)
                              /Applications/SEGGER Embedded Studio for ARM 3.34/lib/libdebugio_v7m_t_le_eabi.a(libdebugio.o) (__do_nvdebug_operation)
/Applications/SEGGER Embedded Studio for ARM 3.34/lib/libm_v7m_t_le_eabi.a(libm_asm.o)
                              /Applications/SEGGER Embedded Studio for ARM 3.34/lib/libc_v7m_t_le_eabi.a(libc2.o) (__aeabi_i2f)
/Applications/SEGGER Embedded Studio for ARM 3.34/lib/libm_v7m_t_le_eabi.a(libm2.o)
                              /Applications/SEGGER Embedded Studio for ARM 3.34/lib/libvfprintf_v7m_t_le_eabi.o (frexp)
/Applications/SEGGER Embedded Studio for ARM 3.34/lib/libm_v7m_t_le_eabi.a(libm2_asm.o)
                              /Applications/SEGGER Embedded Studio for ARM 3.34/lib/libm_v7m_t_le_eabi.a(libm2.o) (fabs)

Discarded input sections

 .text          0x0000000000000000        0x0 Output/CH_HomeRo CH_HomeRo/Obj/thumb_crt0.o
 .data          0x0000000000000000        0x0 Output/CH_HomeRo CH_HomeRo/Obj/thumb_crt0.o
 .bss           0x0000000000000000        0x0 Output/CH_HomeRo CH_HomeRo/Obj/thumb_crt0.o
 .text.__heap_lock
                0x0000000000000000        0x2 Output/CH_HomeRo CH_HomeRo/Obj/thumb_crt0.o
 .text.__heap_unlock
                0x0000000000000000        0x2 Output/CH_HomeRo CH_HomeRo/Obj/thumb_crt0.o
 .text.__printf_lock
                0x0000000000000000        0x2 Output/CH_HomeRo CH_HomeRo/Obj/thumb_crt0.o
 .text.__printf_unlock
                0x0000000000000000        0x2 Output/CH_HomeRo CH_HomeRo/Obj/thumb_crt0.o
 .text.__scanf_lock
                0x0000000000000000        0x2 Output/CH_HomeRo CH_HomeRo/Obj/thumb_crt0.o
 .text.__scanf_unlock
                0x0000000000000000        0x2 Output/CH_HomeRo CH_HomeRo/Obj/thumb_crt0.o
 .text.__debug_io_lock
                0x0000000000000000        0x2 Output/CH_HomeRo CH_HomeRo/Obj/thumb_crt0.o
 .text.__debug_io_unlock
                0x0000000000000000        0x2 Output/CH_HomeRo CH_HomeRo/Obj/thumb_crt0.o
 .text.abort    0x0000000000000000        0x2 Output/CH_HomeRo CH_HomeRo/Obj/thumb_crt0.o
 .text.__assert
                0x0000000000000000        0x2 Output/CH_HomeRo CH_HomeRo/Obj/thumb_crt0.o
 .text.__aeabi_assert
                0x0000000000000000        0x2 Output/CH_HomeRo CH_HomeRo/Obj/thumb_crt0.o
 .text.__cxa_pure_virtual
                0x0000000000000000        0x2 Output/CH_HomeRo CH_HomeRo/Obj/thumb_crt0.o
 .text.__cxa_guard_acquire
                0x0000000000000000       0x10 Output/CH_HomeRo CH_HomeRo/Obj/thumb_crt0.o
 .text.__cxa_guard_release
                0x0000000000000000        0x6 Output/CH_HomeRo CH_HomeRo/Obj/thumb_crt0.o
 .text.__cxa_guard_abort
                0x0000000000000000        0x2 Output/CH_HomeRo CH_HomeRo/Obj/thumb_crt0.o
 .text.__sync_synchronize
                0x0000000000000000        0x2 Output/CH_HomeRo CH_HomeRo/Obj/thumb_crt0.o
 .text.__getchar
                0x0000000000000000        0x4 Output/CH_HomeRo CH_HomeRo/Obj/thumb_crt0.o
 .text.__putchar
                0x0000000000000000        0x4 Output/CH_HomeRo CH_HomeRo/Obj/thumb_crt0.o
 .text.__open   0x0000000000000000        0x4 Output/CH_HomeRo CH_HomeRo/Obj/thumb_crt0.o
 .text.__close  0x0000000000000000        0x4 Output/CH_HomeRo CH_HomeRo/Obj/thumb_crt0.o
 .text.__write  0x0000000000000000        0xa Output/CH_HomeRo CH_HomeRo/Obj/thumb_crt0.o
 .text.__read   0x0000000000000000        0xa Output/CH_HomeRo CH_HomeRo/Obj/thumb_crt0.o
 .text.__seek   0x0000000000000000       0x1a Output/CH_HomeRo CH_HomeRo/Obj/thumb_crt0.o
 .bss.__user_locale_name_buffer
                0x0000000000000000        0x4 Output/CH_HomeRo CH_HomeRo/Obj/thumb_crt0.o
 .stack         0x0000000000000000        0x0 Output/CH_HomeRo CH_HomeRo/Obj/thumb_crt0.o
 .stack_process
[...]
Memory Configuration

Name             Origin             Length             Attributes
UNPLACED_SECTIONS 0x0000000100000000 0x0000000000000000 xw
RAM              0x0000000020000000 0x0000000000005000 xw
FLASH            0x0000000008000000 0x0000000000010000 xr
*default*        0x0000000000000000 0xffffffffffffffff

Linker script and memory map

                0x0000000008005d18                __vfprintf = __vfprintf_float_long_wchar
                0x00000000080073b8                __vfscanf = __vfscanf_float_long_cc
                0x0000000020000000                __RAM_segment_start__ = 0x20000000
                0x0000000020005000                __RAM_segment_end__ = 0x20005000
                0x0000000000005000                __RAM_segment_size__ = 0x5000
                0x0000000008000000                __FLASH_segment_start__ = 0x8000000
                0x0000000008010000                __FLASH_segment_end__ = 0x8010000
                0x0000000000010000                __FLASH_segment_size__ = 0x10000
                0x0000000000000400                __HEAPSIZE__ = 0x400
                0x0000000000000000                __STACKSIZE_ABT__ = 0x0
                0x0000000000000000                __STACKSIZE_FIQ__ = 0x0
                0x0000000000000000                __STACKSIZE_IRQ__ = 0x0
                0x0000000000000000                __STACKSIZE_PROCESS__ = 0x0
                0x0000000000000000                __STACKSIZE_SVC__ = 0x0
                0x0000000000000000                __STACKSIZE_UND__ = 0x0
                0x0000000000000400                __STACKSIZE__ = 0x400
                0x0000000020000000                __vectors_ram_load_start__ = ALIGN (__RAM_segment_start__, 0x100)

.vectors_ram    0x0000000020000000        0x0
                0x0000000020000000                __vectors_ram_start__ = .
 *(.vectors_ram .vectors_ram.*)
                0x0000000020000000                __vectors_ram_end__ = (__vectors_ram_start__ + SIZEOF (.vectors_ram))
                0x0000000000000000                __vectors_ram_size__ = SIZEOF (.vectors_ram)
                0x0000000020000000                __vectors_ram_load_end__ = __vectors_ram_end__
                0x0000000000000001                . = ASSERT (((__vectors_ram_start__ == __vectors_ram_end__) || ((__vectors_ram_end__ >= __RAM_segment_start__) && (__vectors_ram_end__ <= __RAM_segment_end__))), error: .vectors_ram is too large to fit in RAM memory segment)
                0x0000000008000000                __vectors_load_start__ = ALIGN (__FLASH_segment_start__, 0x100)

.vectors        0x0000000008000000      0x130
                0x0000000008000000                __vectors_start__ = .
 *(.vectors .vectors.*)
 .vectors       0x0000000008000000      0x130 Output/CH_HomeRo CH_HomeRo/Obj/STM32F103xx_Vectors.o
                0x0000000008000000                _vectors
                0x0000000008000130                __vectors_end__ = (__vectors_start__ + SIZEOF (.vectors))
                0x0000000000000130                __vectors_size__ = SIZEOF (.vectors)
                0x0000000008000130                __vectors_load_end__ = __vectors_end__
                0x0000000000000001                . = ASSERT (((__vectors_start__ == __vectors_end__) || ((__vectors_end__ >= __FLASH_segment_start__) && (__vectors_end__ <= __FLASH_segment_end__))), error: .vectors is too large to fit in FLASH memory segment)
                0x0000000008000130                __init_load_start__ = ALIGN (__vectors_end__, 0x4)

.init           0x0000000008000130      0x204
                0x0000000008000130                __init_start__ = .
 *(.init .init.*)
 .init          0x0000000008000130      0x158 Output/CH_HomeRo CH_HomeRo/Obj/thumb_crt0.o
                0x0000000008000130                _start
                0x00000000080001e2                exit
 .init          0x0000000008000288       0x84 Output/CH_HomeRo CH_HomeRo/Obj/STM32F103xx_Vectors.o
                0x0000000008000294                WWDG_IRQHandler
                0x0000000008000296                PVD_IRQHandler
                0x0000000008000298                TAMPER_IRQHandler
                0x000000000800029a                RTC_IRQHandler
                0x000000000800029c                FLASH_IRQHandler
                0x000000000800029e                RCC_IRQHandler
                0x00000000080002a0                EXTI0_IRQHandler
                0x00000000080002a2                EXTI1_IRQHandler
                0x00000000080002a4                EXTI2_IRQHandler
                0x00000000080002a6                EXTI3_IRQHandler
                0x00000000080002a8                EXTI4_IRQHandler
                0x00000000080002ac                DMA1_Channel2_IRQHandler
                0x00000000080002ae                DMA1_Channel3_IRQHandler
                0x00000000080002b4                DMA1_Channel6_IRQHandler
                0x00000000080002b8                ADC_IRQHandler
                0x00000000080002ba                CAN1_TX_IRQHandler
                0x00000000080002bc                CAN1_RX0_IRQHandler
                0x00000000080002be                CAN1_RX1_IRQHandler
                0x00000000080002c0                CAN1_SCE_IRQHandler
                0x00000000080002c2                EXTI9_5_IRQHandler
                0x00000000080002c4                TIM1_BRK_TIM9_IRQHandler
                0x00000000080002c6                TIM1_UP_TIM10_IRQHandler
                0x00000000080002c8                TIM1_TRG_COM_TIM11_IRQHandler
                0x00000000080002ca                TIM1_CC_IRQHandler
                0x00000000080002d2                I2C1_EV_IRQHandler
                0x00000000080002d4                I2C1_ER_IRQHandler
                0x00000000080002d6                I2C2_EV_IRQHandler
                0x00000000080002d8                I2C2_ER_IRQHandler
                0x00000000080002da                SPI1_IRQHandler
                0x00000000080002dc                SPI2_IRQHandler
                0x00000000080002e0                USART2_IRQHandler
                0x00000000080002e2                USART3_IRQHandler
                0x00000000080002e4                EXTI15_10_IRQHandler
                0x00000000080002e6                RTCAlarm_IRQHandler
                0x00000000080002e8                USB_FS_WKUP_IRQHandler
                0x00000000080002ea                TIM8_BRK_TIM12_IRQHandler
                0x00000000080002ec                TIM8_UP_TIM13_IRQHandler
                0x00000000080002ee                TIM8_TRG_COM_TIM14_IRQHandler
                0x00000000080002f0                TIM8_CC_IRQHandler
                0x00000000080002f2                ADC3_IRQHandler
                0x00000000080002f4                FSMC_IRQHandler
                0x00000000080002f6                SDIO_IRQHandler
                0x00000000080002f8                TIM5_IRQHandler
                0x00000000080002fa                SPI3_IRQHandler
                0x00000000080002fc                UART4_IRQHandler
                0x00000000080002fe                UART5_IRQHandler
                0x0000000008000300                TIM6_IRQHandler
                0x0000000008000302                TIM7_IRQHandler
                0x0000000008000304                DMA2_Channel1_IRQHandler
                0x0000000008000306                DMA2_Channel2_IRQHandler
                0x0000000008000308                DMA2_Channel3_IRQHandler
                0x000000000800030a                DMA2_Channel4_5_IRQHandler
 .init          0x000000000800030c       0x28 Output/CH_HomeRo CH_HomeRo/Obj/STM32F1xx_Startup.o
                0x000000000800030c                Reset_Handler
                0x0000000008000334                __init_end__ = (__init_start__ + SIZEOF (.init))
                0x0000000000000204                __init_size__ = SIZEOF (.init)
                0x0000000008000334                __init_load_end__ = __init_end__
                0x0000000000000001                . = ASSERT (((__init_start__ == __init_end__) || ((__init_end__ >= __FLASH_segment_start__) && (__init_end__ <= __FLASH_segment_end__))), error: .init is too large to fit in FLASH memory segment)
                0x0000000008000334                __init_rodata_load_start__ = ALIGN (__init_end__, 0x4)

.init_rodata    0x0000000008000334        0x0
                0x0000000008000334                __init_rodata_start__ = .
 *(.init_rodata .init_rodata.*)
                0x0000000008000334                __init_rodata_end__ = (__init_rodata_start__ + SIZEOF (.init_rodata))
                0x0000000000000000                __init_rodata_size__ = SIZEOF (.init_rodata)
                0x0000000008000334                __init_rodata_load_end__ = __init_rodata_end__
                0x0000000000000001                . = ASSERT (((__init_rodata_start__ == __init_rodata_end__) || ((__init_rodata_end__ >= __FLASH_segment_start__) && (__init_rodata_end__ <= __FLASH_segment_end__))), error: .init_rodata is too large to fit in FLASH memory segment)
                0x0000000008000334                __text_load_start__ = ALIGN (__init_rodata_end__, 0x4)

.text           0x0000000008000334     0x806c
                0x0000000008000334                __text_start__ = .
 *(.text .text.* .glue_7t .glue_7 .gnu.linkonce.t.* .gcc_except_table .ARM.extab* .gnu.linkonce.armextab.*)
 .glue_7        0x0000000008000334        0x0 linker stubs
 .glue_7t       0x0000000008000334        0x0 linker stubs
 .text.__aeabi_read_tp
                0x0000000008000334        0x8 Output/CH_HomeRo CH_HomeRo/Obj/thumb_crt0.o
                0x0000000008000334                __aeabi_read_tp
 .text.main     0x000000000800033c       0xcc Output/CH_HomeRo CH_HomeRo/Obj/main.o
                0x000000000800033c                main
 .text.SystemClock_Config
                0x0000000008000408       0xc4 Output/CH_HomeRo CH_HomeRo/Obj/main.o
                0x0000000008000408                SystemClock_Config
 .text._Error_Handler
                0x00000000080004cc        0x8 Output/CH_HomeRo CH_HomeRo/Obj/main.o
                0x00000000080004cc                _Error_Handler
 .text.MX_SPI2_Init
                0x00000000080004d4       0x74 Output/CH_HomeRo CH_HomeRo/Obj/spi.o
                0x00000000080004d4                MX_SPI2_Init
 .text.HAL_SPI_MspInit
                0x0000000008000548       0x6c Output/CH_HomeRo CH_HomeRo/Obj/spi.o
                0x0000000008000548                HAL_SPI_MspInit
 .text.HAL_MspInit
                0x00000000080005b4       0xa0 Output/CH_HomeRo CH_HomeRo/Obj/stm32f1xx_hal_msp.o
                0x00000000080005b4                HAL_MspInit
 .text.MX_USART1_UART_Init
                0x0000000008000654       0x68 Output/CH_HomeRo CH_HomeRo/Obj/usart.o
                0x0000000008000654                MX_USART1_UART_Init
 .text.MX_USART2_UART_Init
                0x00000000080006bc       0x58 Output/CH_HomeRo CH_HomeRo/Obj/usart.o
                0x00000000080006bc                MX_USART2_UART_Init
 .text.HAL_UART_MspInit
                0x0000000008000714      0x1e0 Output/CH_HomeRo CH_HomeRo/Obj/usart.o
                0x0000000008000714                HAL_UART_MspInit
 .text.MX_ADC1_Init
                0x00000000080008f4       0xc0 Output/CH_HomeRo CH_HomeRo/Obj/adc.o
                0x00000000080008f4                MX_ADC1_Init
 .text.HAL_ADC_MspInit
                0x00000000080009b4       0xc4 Output/CH_HomeRo CH_HomeRo/Obj/adc.o
                0x00000000080009b4                HAL_ADC_MspInit
 .text.MX_TIM1_Init
                0x0000000008000a78       0x98 Output/CH_HomeRo CH_HomeRo/Obj/tim.o
                0x0000000008000a78                MX_TIM1_Init
 .text.MX_TIM2_Init
                0x0000000008000b10       0x90 Output/CH_HomeRo CH_HomeRo/Obj/tim.o
                0x0000000008000b10                MX_TIM2_Init
 .text.MX_TIM3_Init
                0x0000000008000ba0       0xb8 Output/CH_HomeRo CH_HomeRo/Obj/tim.o
                0x0000000008000ba0                MX_TIM3_Init
 .text.MX_TIM4_Init
                0x0000000008000c58       0x94 Output/CH_HomeRo CH_HomeRo/Obj/tim.o
                0x0000000008000c58                MX_TIM4_Init
 .text.HAL_TIM_Base_MspInit
                0x0000000008000cec       0xa4 Output/CH_HomeRo CH_HomeRo/Obj/tim.o
                0x0000000008000cec                HAL_TIM_Base_MspInit
 .text.HAL_TIM_IC_MspInit
                0x0000000008000d90       0x80 Output/CH_HomeRo CH_HomeRo/Obj/tim.o
                0x0000000008000d90                HAL_TIM_IC_MspInit
 .text.MX_DMA_Init
                0x0000000008000e10       0x68 Output/CH_HomeRo CH_HomeRo/Obj/dma.o
                0x0000000008000e10                MX_DMA_Init
 .text.MX_GPIO_Init
                0x0000000008000e78      0x16c Output/CH_HomeRo CH_HomeRo/Obj/gpio.o
                0x0000000008000e78                MX_GPIO_Init
 .text.NMI_Handler
                0x0000000008000fe4        0x4 Output/CH_HomeRo CH_HomeRo/Obj/stm32f1xx_it.o
                0x0000000008000fe4                NMI_Handler
 .text.HardFault_Handler
                0x0000000008000fe8        0x2 Output/CH_HomeRo CH_HomeRo/Obj/stm32f1xx_it.o
                0x0000000008000fe8                HardFault_Handler
 .text.SVC_Handler
                0x0000000008000fea        0x4 Output/CH_HomeRo CH_HomeRo/Obj/stm32f1xx_it.o
                0x0000000008000fea                SVC_Handler
 .text.PendSV_Handler
                0x0000000008000fee        0x4 Output/CH_HomeRo CH_HomeRo/Obj/stm32f1xx_it.o
                0x0000000008000fee                PendSV_Handler
 .text.SysTick_Handler
                0x0000000008000ff2        0xe Output/CH_HomeRo CH_HomeRo/Obj/stm32f1xx_it.o
                0x0000000008000ff2                SysTick_Handler
 .text.DMA1_Channel1_IRQHandler
                0x0000000008001000       0x10 Output/CH_HomeRo CH_HomeRo/Obj/stm32f1xx_it.o
                0x0000000008001000                DMA1_Channel1_IRQHandler
 .text.DMA1_Channel4_IRQHandler
                0x0000000008001010       0x10 Output/CH_HomeRo CH_HomeRo/Obj/stm32f1xx_it.o
                0x0000000008001010                DMA1_Channel4_IRQHandler
 .text.DMA1_Channel5_IRQHandler
                0x0000000008001020       0x10 Output/CH_HomeRo CH_HomeRo/Obj/stm32f1xx_it.o
                0x0000000008001020                DMA1_Channel5_IRQHandler
 .text.DMA1_Channel7_IRQHandler
                0x0000000008001030       0x10 Output/CH_HomeRo CH_HomeRo/Obj/stm32f1xx_it.o
                0x0000000008001030                DMA1_Channel7_IRQHandler
 .text.TIM2_IRQHandler
                0x0000000008001040       0x10 Output/CH_HomeRo CH_HomeRo/Obj/stm32f1xx_it.o
                0x0000000008001040                TIM2_IRQHandler
 .text.TIM3_IRQHandler
                0x0000000008001050       0x10 Output/CH_HomeRo CH_HomeRo/Obj/stm32f1xx_it.o
                0x0000000008001050                TIM3_IRQHandler
 .text.TIM4_IRQHandler
                0x0000000008001060       0x10 Output/CH_HomeRo CH_HomeRo/Obj/stm32f1xx_it.o
                0x0000000008001060                TIM4_IRQHandler
 .text.USART1_IRQHandler
                0x0000000008001070       0x18 Output/CH_HomeRo CH_HomeRo/Obj/stm32f1xx_it.o
                0x0000000008001070                USART1_IRQHandler
 .text.SystemInit
                0x0000000008001088       0x60 Output/CH_HomeRo CH_HomeRo/Obj/system_stm32f1xx.o
                0x0000000008001088                SystemInit
 .text.HAL_GPIO_Init
                0x00000000080010e8      0x2b4 Output/CH_HomeRo CH_HomeRo/Obj/stm32f1xx_hal_gpio.o
                0x00000000080010e8                HAL_GPIO_Init
 .text.HAL_GPIO_ReadPin
                0x000000000800139c       0x30 Output/CH_HomeRo CH_HomeRo/Obj/stm32f1xx_hal_gpio.o
                0x000000000800139c                HAL_GPIO_ReadPin
 .text.HAL_GPIO_WritePin
                0x00000000080013cc       0x32 Output/CH_HomeRo CH_HomeRo/Obj/stm32f1xx_hal_gpio.o
                0x00000000080013cc                HAL_GPIO_WritePin
 .text.HAL_GPIO_TogglePin
                0x00000000080013fe       0x1e Output/CH_HomeRo CH_HomeRo/Obj/stm32f1xx_hal_gpio.o
                0x00000000080013fe                HAL_GPIO_TogglePin
 .text.HAL_UART_Init
                0x000000000800141c       0x98 Output/CH_HomeRo CH_HomeRo/Obj/stm32f1xx_hal_uart.o
                0x000000000800141c                HAL_UART_Init
 .text.HAL_UART_Transmit_DMA
                0x00000000080014b4       0xe0 Output/CH_HomeRo CH_HomeRo/Obj/stm32f1xx_hal_uart.o
                0x00000000080014b4                HAL_UART_Transmit_DMA
 .text.HAL_UART_Receive_DMA
                0x0000000008001594      0x104 Output/CH_HomeRo CH_HomeRo/Obj/stm32f1xx_hal_uart.o
                0x0000000008001594                HAL_UART_Receive_DMA
 .text.HAL_UART_DMAStop
                0x0000000008001698       0xb4 Output/CH_HomeRo CH_HomeRo/Obj/stm32f1xx_hal_uart.o
                0x0000000008001698                HAL_UART_DMAStop
 .text.HAL_UART_IRQHandler
                0x000000000800174c      0x1f4 Output/CH_HomeRo CH_HomeRo/Obj/stm32f1xx_hal_uart.o
                0x000000000800174c                HAL_UART_IRQHandler
 .text.HAL_UART_TxCpltCallback
                0x0000000008001940        0xa Output/CH_HomeRo CH_HomeRo/Obj/stm32f1xx_hal_uart.o
                0x0000000008001940                HAL_UART_TxCpltCallback
 .text.HAL_UART_TxHalfCpltCallback
                0x000000000800194a        0xa Output/CH_HomeRo CH_HomeRo/Obj/stm32f1xx_hal_uart.o
                0x000000000800194a                HAL_UART_TxHalfCpltCallback
 .text.HAL_UART_RxCpltCallback
                0x0000000008001954        0xa Output/CH_HomeRo CH_HomeRo/Obj/stm32f1xx_hal_uart.o
                0x0000000008001954                HAL_UART_RxCpltCallback
 .text.HAL_UART_RxHalfCpltCallback
                0x000000000800195e        0xa Output/CH_HomeRo CH_HomeRo/Obj/stm32f1xx_hal_uart.o
                0x000000000800195e                HAL_UART_RxHalfCpltCallback
 .text.HAL_UART_ErrorCallback
                0x0000000008001968        0xa Output/CH_HomeRo CH_HomeRo/Obj/stm32f1xx_hal_uart.o
                0x0000000008001968                HAL_UART_ErrorCallback
 .text.UART_DMATransmitCplt
                0x0000000008001972       0x50 Output/CH_HomeRo CH_HomeRo/Obj/stm32f1xx_hal_uart.o
 .text.UART_DMATxHalfCplt
                0x00000000080019c2       0x1a Output/CH_HomeRo CH_HomeRo/Obj/stm32f1xx_hal_uart.o
 .text.UART_DMAReceiveCplt
                0x00000000080019dc       0x66 Output/CH_HomeRo CH_HomeRo/Obj/stm32f1xx_hal_uart.o
 .text.UART_DMARxHalfCplt
                0x0000000008001a42       0x1a Output/CH_HomeRo CH_HomeRo/Obj/stm32f1xx_hal_uart.o
 .text.UART_DMAError
                0x0000000008001a5c       0x92 Output/CH_HomeRo CH_HomeRo/Obj/stm32f1xx_hal_uart.o
 .text.UART_EndTxTransfer
                0x0000000008001aee       0x22 Output/CH_HomeRo CH_HomeRo/Obj/stm32f1xx_hal_uart.o
 .text.UART_EndRxTransfer
                0x0000000008001b10       0x32 Output/CH_HomeRo CH_HomeRo/Obj/stm32f1xx_hal_uart.o
 .text.UART_DMAAbortOnError
                0x0000000008001b42       0x26 Output/CH_HomeRo CH_HomeRo/Obj/stm32f1xx_hal_uart.o
 .text.UART_Transmit_IT
                0x0000000008001b68       0xa0 Output/CH_HomeRo CH_HomeRo/Obj/stm32f1xx_hal_uart.o
 .text.UART_EndTransmit_IT
                0x0000000008001c08       0x2e Output/CH_HomeRo CH_HomeRo/Obj/stm32f1xx_hal_uart.o
 .text.UART_Receive_IT
                0x0000000008001c36      0x100 Output/CH_HomeRo CH_HomeRo/Obj/stm32f1xx_hal_uart.o
 *fill*         0x0000000008001d36        0x2 
 .text.UART_SetConfig
                0x0000000008001d38      0x22c Output/CH_HomeRo CH_HomeRo/Obj/stm32f1xx_hal_uart.o
 .text.HAL_Init
                0x0000000008001f64       0x28 Output/CH_HomeRo CH_HomeRo/Obj/stm32f1xx_hal.o
                0x0000000008001f64                HAL_Init
 .text.HAL_InitTick
                0x0000000008001f8c       0x38 Output/CH_HomeRo CH_HomeRo/Obj/stm32f1xx_hal.o
                0x0000000008001f8c                HAL_InitTick
 .text.HAL_IncTick
                0x0000000008001fc4       0x14 Output/CH_HomeRo CH_HomeRo/Obj/stm32f1xx_hal.o
                0x0000000008001fc4                HAL_IncTick
 .text.HAL_GetTick
                0x0000000008001fd8        0xc Output/CH_HomeRo CH_HomeRo/Obj/stm32f1xx_hal.o
                0x0000000008001fd8                HAL_GetTick
 .text.HAL_Delay
                0x0000000008001fe4       0x38 Output/CH_HomeRo CH_HomeRo/Obj/stm32f1xx_hal.o
                0x0000000008001fe4                HAL_Delay
 .text.HAL_FLASH_Program
                0x000000000800201c      0x100 Output/CH_HomeRo CH_HomeRo/Obj/stm32f1xx_hal_flash.o
                0x000000000800201c                HAL_FLASH_Program
 .text.HAL_FLASH_Unlock
                0x000000000800211c       0x30 Output/CH_HomeRo CH_HomeRo/Obj/stm32f1xx_hal_flash.o
                0x000000000800211c                HAL_FLASH_Unlock
 .text.HAL_FLASH_Lock
                0x000000000800214c       0x18 Output/CH_HomeRo CH_HomeRo/Obj/stm32f1xx_hal_flash.o
                0x000000000800214c                HAL_FLASH_Lock
 .text.FLASH_Program_HalfWord
                0x0000000008002164       0x34 Output/CH_HomeRo CH_HomeRo/Obj/stm32f1xx_hal_flash.o
 .text.FLASH_WaitForLastOperation
                0x0000000008002198       0x88 Output/CH_HomeRo CH_HomeRo/Obj/stm32f1xx_hal_flash.o
                0x0000000008002198                FLASH_WaitForLastOperation
 .text.FLASH_SetErrorCode
                0x0000000008002220       0x98 Output/CH_HomeRo CH_HomeRo/Obj/stm32f1xx_hal_flash.o
 .text.HAL_ADC_Init
                0x00000000080022b8      0x1bc Output/CH_HomeRo CH_HomeRo/Obj/stm32f1xx_hal_adc.o
                0x00000000080022b8                HAL_ADC_Init
 .text.HAL_ADC_ConfigChannel
                0x0000000008002474      0x1f4 Output/CH_HomeRo CH_HomeRo/Obj/stm32f1xx_hal_adc.o
                0x0000000008002474                HAL_ADC_ConfigChannel
 .text.ADC_ConversionStop_Disable
                0x0000000008002668       0x72 Output/CH_HomeRo CH_HomeRo/Obj/stm32f1xx_hal_adc.o
                0x0000000008002668                ADC_ConversionStop_Disable
 *fill*         0x00000000080026da        0x2 
 .text.HAL_RCC_OscConfig
                0x00000000080026dc      0x4d0 Output/CH_HomeRo CH_HomeRo/Obj/stm32f1xx_hal_rcc.o
                0x00000000080026dc                HAL_RCC_OscConfig
 .text.HAL_RCC_ClockConfig
                0x0000000008002bac      0x1e8 Output/CH_HomeRo CH_HomeRo/Obj/stm32f1xx_hal_rcc.o
                0x0000000008002bac                HAL_RCC_ClockConfig
 .text.HAL_RCC_GetSysClockFreq
                0x0000000008002d94       0xbc Output/CH_HomeRo CH_HomeRo/Obj/stm32f1xx_hal_rcc.o
                0x0000000008002d94                HAL_RCC_GetSysClockFreq
 .text.HAL_RCC_GetHCLKFreq
                0x0000000008002e50        0xc Output/CH_HomeRo CH_HomeRo/Obj/stm32f1xx_hal_rcc.o
                0x0000000008002e50                HAL_RCC_GetHCLKFreq
 .text.HAL_RCC_GetPCLK1Freq
                0x0000000008002e5c       0x28 Output/CH_HomeRo CH_HomeRo/Obj/stm32f1xx_hal_rcc.o
                0x0000000008002e5c                HAL_RCC_GetPCLK1Freq
 .text.HAL_RCC_GetPCLK2Freq
                0x0000000008002e84       0x28 Output/CH_HomeRo CH_HomeRo/Obj/stm32f1xx_hal_rcc.o
                0x0000000008002e84                HAL_RCC_GetPCLK2Freq
 .text.RCC_Delay
                0x0000000008002eac       0x34 Output/CH_HomeRo CH_HomeRo/Obj/stm32f1xx_hal_rcc.o
 .text.NVIC_SetPriorityGrouping
                0x0000000008002ee0       0x40 Output/CH_HomeRo CH_HomeRo/Obj/stm32f1xx_hal_cortex.o
 .text.NVIC_GetPriorityGrouping
                0x0000000008002f20       0x14 Output/CH_HomeRo CH_HomeRo/Obj/stm32f1xx_hal_cortex.o
 .text.NVIC_EnableIRQ
                0x0000000008002f34       0x2c Output/CH_HomeRo CH_HomeRo/Obj/stm32f1xx_hal_cortex.o
 .text.NVIC_SetPriority
                0x0000000008002f60       0x50 Output/CH_HomeRo CH_HomeRo/Obj/stm32f1xx_hal_cortex.o
 .text.NVIC_EncodePriority
                0x0000000008002fb0       0x58 Output/CH_HomeRo CH_HomeRo/Obj/stm32f1xx_hal_cortex.o
 .text.SysTick_Config
                0x0000000008003008       0x40 Output/CH_HomeRo CH_HomeRo/Obj/stm32f1xx_hal_cortex.o
 .text.HAL_NVIC_SetPriorityGrouping
                0x0000000008003048       0x14 Output/CH_HomeRo CH_HomeRo/Obj/stm32f1xx_hal_cortex.o
                0x0000000008003048                HAL_NVIC_SetPriorityGrouping
 .text.HAL_NVIC_SetPriority
                0x000000000800305c       0x38 Output/CH_HomeRo CH_HomeRo/Obj/stm32f1xx_hal_cortex.o
                0x000000000800305c                HAL_NVIC_SetPriority
 .text.HAL_NVIC_EnableIRQ
                0x0000000008003094       0x1c Output/CH_HomeRo CH_HomeRo/Obj/stm32f1xx_hal_cortex.o
                0x0000000008003094                HAL_NVIC_EnableIRQ
 .text.HAL_SYSTICK_Config
                0x00000000080030b0       0x16 Output/CH_HomeRo CH_HomeRo/Obj/stm32f1xx_hal_cortex.o
                0x00000000080030b0                HAL_SYSTICK_Config
 *fill*         0x00000000080030c6        0x2 
 .text.HAL_SYSTICK_CLKSourceConfig
                0x00000000080030c8       0x30 Output/CH_HomeRo CH_HomeRo/Obj/stm32f1xx_hal_cortex.o
                0x00000000080030c8                HAL_SYSTICK_CLKSourceConfig
 .text.HAL_SYSTICK_IRQHandler
                0x00000000080030f8        0xa Output/CH_HomeRo CH_HomeRo/Obj/stm32f1xx_hal_cortex.o
                0x00000000080030f8                HAL_SYSTICK_IRQHandler
 .text.HAL_SYSTICK_Callback
                0x0000000008003102        0x4 Output/CH_HomeRo CH_HomeRo/Obj/stm32f1xx_hal_cortex.o
                0x0000000008003102                HAL_SYSTICK_Callback
 .text.HAL_TIM_Base_Init
                0x0000000008003106       0x54 Output/CH_HomeRo CH_HomeRo/Obj/stm32f1xx_hal_tim.o
                0x0000000008003106                HAL_TIM_Base_Init
 .text.HAL_TIM_Base_Start_IT
                0x000000000800315a       0x2c Output/CH_HomeRo CH_HomeRo/Obj/stm32f1xx_hal_tim.o
                0x000000000800315a                HAL_TIM_Base_Start_IT
 .text.HAL_TIM_Base_Stop_IT
                0x0000000008003186       0x4c Output/CH_HomeRo CH_HomeRo/Obj/stm32f1xx_hal_tim.o
                0x0000000008003186                HAL_TIM_Base_Stop_IT
 .text.HAL_TIM_IC_Init
                0x00000000080031d2       0x54 Output/CH_HomeRo CH_HomeRo/Obj/stm32f1xx_hal_tim.o
                0x00000000080031d2                HAL_TIM_IC_Init
 .text.HAL_TIM_IRQHandler
                0x0000000008003226      0x20e Output/CH_HomeRo CH_HomeRo/Obj/stm32f1xx_hal_tim.o
                0x0000000008003226                HAL_TIM_IRQHandler
 .text.HAL_TIM_IC_ConfigChannel
                0x0000000008003434      0x136 Output/CH_HomeRo CH_HomeRo/Obj/stm32f1xx_hal_tim.o
                0x0000000008003434                HAL_TIM_IC_ConfigChannel
 .text.HAL_TIM_ConfigClockSource
                0x000000000800356a      0x1b4 Output/CH_HomeRo CH_HomeRo/Obj/stm32f1xx_hal_tim.o
                0x000000000800356a                HAL_TIM_ConfigClockSource
 .text.HAL_TIM_OC_DelayElapsedCallback
                0x000000000800371e        0xa Output/CH_HomeRo CH_HomeRo/Obj/stm32f1xx_hal_tim.o
                0x000000000800371e                HAL_TIM_OC_DelayElapsedCallback
 .text.HAL_TIM_IC_CaptureCallback
                0x0000000008003728        0xa Output/CH_HomeRo CH_HomeRo/Obj/stm32f1xx_hal_tim.o
                0x0000000008003728                HAL_TIM_IC_CaptureCallback
 .text.HAL_TIM_PWM_PulseFinishedCallback
                0x0000000008003732        0xa Output/CH_HomeRo CH_HomeRo/Obj/stm32f1xx_hal_tim.o
                0x0000000008003732                HAL_TIM_PWM_PulseFinishedCallback
 .text.HAL_TIM_TriggerCallback
                0x000000000800373c        0xa Output/CH_HomeRo CH_HomeRo/Obj/stm32f1xx_hal_tim.o
                0x000000000800373c                HAL_TIM_TriggerCallback
 *fill*         0x0000000008003746        0x2 
 .text.TIM_Base_SetConfig
                0x0000000008003748       0xc4 Output/CH_HomeRo CH_HomeRo/Obj/stm32f1xx_hal_tim.o
                0x0000000008003748                TIM_Base_SetConfig
 .text.TIM_TI1_SetConfig
                0x000000000800380c       0xb4 Output/CH_HomeRo CH_HomeRo/Obj/stm32f1xx_hal_tim.o
                0x000000000800380c                TIM_TI1_SetConfig
 .text.TIM_TI1_ConfigInputStage
                0x00000000080038c0       0x5c Output/CH_HomeRo CH_HomeRo/Obj/stm32f1xx_hal_tim.o
 .text.TIM_TI2_SetConfig
                0x000000000800391c       0x78 Output/CH_HomeRo CH_HomeRo/Obj/stm32f1xx_hal_tim.o
 .text.TIM_TI2_ConfigInputStage
                0x0000000008003994       0x5e Output/CH_HomeRo CH_HomeRo/Obj/stm32f1xx_hal_tim.o
 .text.TIM_TI3_SetConfig
                0x00000000080039f2       0x76 Output/CH_HomeRo CH_HomeRo/Obj/stm32f1xx_hal_tim.o
 .text.TIM_TI4_SetConfig
                0x0000000008003a68       0x78 Output/CH_HomeRo CH_HomeRo/Obj/stm32f1xx_hal_tim.o
 .text.TIM_ITRx_SetConfig
                0x0000000008003ae0       0x3a Output/CH_HomeRo CH_HomeRo/Obj/stm32f1xx_hal_tim.o
 .text.TIM_ETR_SetConfig
                0x0000000008003b1a       0x3a Output/CH_HomeRo CH_HomeRo/Obj/stm32f1xx_hal_tim.o
 .text.HAL_TIMEx_MasterConfigSynchronization
                0x0000000008003b54       0x80 Output/CH_HomeRo CH_HomeRo/Obj/stm32f1xx_hal_tim_ex.o
                0x0000000008003b54                HAL_TIMEx_MasterConfigSynchronization
 .text.HAL_TIMEx_CommutationCallback
                0x0000000008003bd4        0xa Output/CH_HomeRo CH_HomeRo/Obj/stm32f1xx_hal_tim_ex.o
                0x0000000008003bd4                HAL_TIMEx_CommutationCallback
 .text.HAL_TIMEx_BreakCallback
                0x0000000008003bde        0xa Output/CH_HomeRo CH_HomeRo/Obj/stm32f1xx_hal_tim_ex.o
                0x0000000008003bde                HAL_TIMEx_BreakCallback
 .text.HAL_DMA_Init
                0x0000000008003be8       0xc4 Output/CH_HomeRo CH_HomeRo/Obj/stm32f1xx_hal_dma.o
                0x0000000008003be8                HAL_DMA_Init
 .text.HAL_DMA_Start_IT
                0x0000000008003cac       0xc2 Output/CH_HomeRo CH_HomeRo/Obj/stm32f1xx_hal_dma.o
                0x0000000008003cac                HAL_DMA_Start_IT
 .text.HAL_DMA_Abort
                0x0000000008003d6e       0x54 Output/CH_HomeRo CH_HomeRo/Obj/stm32f1xx_hal_dma.o
                0x0000000008003d6e                HAL_DMA_Abort
 *fill*         0x0000000008003dc2        0x2 
 .text.HAL_DMA_Abort_IT
                0x0000000008003dc4       0xfc Output/CH_HomeRo CH_HomeRo/Obj/stm32f1xx_hal_dma.o
                0x0000000008003dc4                HAL_DMA_Abort_IT
 .text.HAL_DMA_IRQHandler
                0x0000000008003ec0      0x224 Output/CH_HomeRo CH_HomeRo/Obj/stm32f1xx_hal_dma.o
                0x0000000008003ec0                HAL_DMA_IRQHandler
 .text.DMA_SetConfig
                0x00000000080040e4       0x52 Output/CH_HomeRo CH_HomeRo/Obj/stm32f1xx_hal_dma.o
 *fill*         0x0000000008004136        0x2 
 .text.HAL_RCCEx_PeriphCLKConfig
                0x0000000008004138      0x170 Output/CH_HomeRo CH_HomeRo/Obj/stm32f1xx_hal_rcc_ex.o
                0x0000000008004138                HAL_RCCEx_PeriphCLKConfig
 .text.HAL_FLASHEx_Erase
                0x00000000080042a8       0xe0 Output/CH_HomeRo CH_HomeRo/Obj/stm32f1xx_hal_flash_ex.o
                0x00000000080042a8                HAL_FLASHEx_Erase
 .text.FLASH_MassErase
                0x0000000008004388       0x30 Output/CH_HomeRo CH_HomeRo/Obj/stm32f1xx_hal_flash_ex.o
 .text.FLASH_PageErase
                0x00000000080043b8       0x38 Output/CH_HomeRo CH_HomeRo/Obj/stm32f1xx_hal_flash_ex.o
                0x00000000080043b8                FLASH_PageErase
 .text.HAL_SPI_Init
                0x00000000080043f0       0xc6 Output/CH_HomeRo CH_HomeRo/Obj/stm32f1xx_hal_spi_ex.o
                0x00000000080043f0                HAL_SPI_Init
 *fill*         0x00000000080044b6        0x2 
 .text.get_low_switch
                0x00000000080044b8       0x18 Output/CH_HomeRo CH_HomeRo/Obj/app.o
                0x00000000080044b8                get_low_switch
 .text.get_high_switch
                0x00000000080044d0       0x18 Output/CH_HomeRo CH_HomeRo/Obj/app.o
                0x00000000080044d0                get_high_switch
 .text.init_device_from_flash
                0x00000000080044e8      0x160 Output/CH_HomeRo CH_HomeRo/Obj/app.o
                0x00000000080044e8                init_device_from_flash
 .text.registe_device
                0x0000000008004648       0x3c Output/CH_HomeRo CH_HomeRo/Obj/app.o
                0x0000000008004648                registe_device
 .text.HAL_TIM_PeriodElapsedCallback
                0x0000000008004684      0x1a8 Output/CH_HomeRo CH_HomeRo/Obj/app.o
                0x0000000008004684                HAL_TIM_PeriodElapsedCallback
 .text.bc95_init
                0x000000000800482c      0x168 Output/CH_HomeRo CH_HomeRo/Obj/bc95.o
                0x000000000800482c                bc95_init
 .text.bc95_send_command
                0x0000000008004994       0xc4 Output/CH_HomeRo CH_HomeRo/Obj/bc95.o
                0x0000000008004994                bc95_send_command
 .text.bc95_open_recv
                0x0000000008004a58       0x28 Output/CH_HomeRo CH_HomeRo/Obj/bc95.o
                0x0000000008004a58                bc95_open_recv
 .text.bc95_check_ack
                0x0000000008004a80       0x34 Output/CH_HomeRo CH_HomeRo/Obj/bc95.o
                0x0000000008004a80                bc95_check_ack
 .text.bc95_get_imsi
                0x0000000008004ab4       0x78 Output/CH_HomeRo CH_HomeRo/Obj/bc95.o
                0x0000000008004ab4                bc95_get_imsi
 .text.bc95_get_imei
                0x0000000008004b2c       0x78 Output/CH_HomeRo CH_HomeRo/Obj/bc95.o
                0x0000000008004b2c                bc95_get_imei
 .text.bc95_get_iccid
                0x0000000008004ba4       0x78 Output/CH_HomeRo CH_HomeRo/Obj/bc95.o
                0x0000000008004ba4                bc95_get_iccid
 .text.bc95_get_profile_status
                0x0000000008004c1c       0x54 Output/CH_HomeRo CH_HomeRo/Obj/bc95.o
                0x0000000008004c1c                bc95_get_profile_status
 .text.bc95_get_csq
                0x0000000008004c70       0xac Output/CH_HomeRo CH_HomeRo/Obj/bc95.o
                0x0000000008004c70                bc95_get_csq
 .text.bc95_set_server_ip
                0x0000000008004d1c       0xac Output/CH_HomeRo CH_HomeRo/Obj/bc95.o
                0x0000000008004d1c                bc95_set_server_ip
 .text.bc95_reboot
                0x0000000008004dc8       0x20 Output/CH_HomeRo CH_HomeRo/Obj/bc95.o
                0x0000000008004dc8                bc95_reboot
 .text.bc95_send_coap
                0x0000000008004de8      0x1e8 Output/CH_HomeRo CH_HomeRo/Obj/bc95.o
                0x0000000008004de8                bc95_send_coap
 .text.bc95_read_coap
                0x0000000008004fd0       0x90 Output/CH_HomeRo CH_HomeRo/Obj/bc95.o
                0x0000000008004fd0                bc95_read_coap
 .text.bc95_recv_idle_callback
                0x0000000008005060       0x8c Output/CH_HomeRo CH_HomeRo/Obj/bc95.o
                0x0000000008005060                bc95_recv_idle_callback
 .text.ByteToHexStr
                0x00000000080050ec       0xdc Output/CH_HomeRo CH_HomeRo/Obj/tools.o
                0x00000000080050ec                ByteToHexStr
 .text.flash_write
                0x00000000080051c8       0x70 Output/CH_HomeRo CH_HomeRo/Obj/tools.o
                0x00000000080051c8                flash_write
 .text.flash_read
                0x0000000008005238       0x18 Output/CH_HomeRo CH_HomeRo/Obj/tools.o
                0x0000000008005238                flash_read
 .text.processing_server_command
                0x0000000008005250      0x258 Output/CH_HomeRo CH_HomeRo/Obj/tools.o
                0x0000000008005250                processing_server_command
 .text.flash_device_status
                0x00000000080054a8       0xc0 Output/CH_HomeRo CH_HomeRo/Obj/tools.o
                0x00000000080054a8                flash_device_status
 .text.libc.__RAL_ascii_isctype
                0x0000000008005568       0x1c /Applications/SEGGER Embedded Studio for ARM 3.34/lib/libc_v7m_t_le_eabi.a(libc2.o)
 .text.libc.__RAL_ascii_toupper
                0x0000000008005584        0xc /Applications/SEGGER Embedded Studio for ARM 3.34/lib/libc_v7m_t_le_eabi.a(libc2.o)
 .text.libc.__RAL_ascii_tolower
                0x0000000008005590        0xc /Applications/SEGGER Embedded Studio for ARM 3.34/lib/libc_v7m_t_le_eabi.a(libc2.o)
 .text.libc.__RAL_ascii_iswctype
                0x000000000800559c       0x1c /Applications/SEGGER Embedded Studio for ARM 3.34/lib/libc_v7m_t_le_eabi.a(libc2.o)
 .text.libc.__RAL_ascii_towupper
                0x00000000080055b8        0xc /Applications/SEGGER Embedded Studio for ARM 3.34/lib/libc_v7m_t_le_eabi.a(libc2.o)
 .text.libc.__RAL_ascii_towlower
                0x00000000080055c4        0xc /Applications/SEGGER Embedded Studio for ARM 3.34/lib/libc_v7m_t_le_eabi.a(libc2.o)
 .text.libc.__RAL_ascii_wctomb
                0x00000000080055d0        0xe /Applications/SEGGER Embedded Studio for ARM 3.34/lib/libc_v7m_t_le_eabi.a(libc2.o)
                0x00000000080055d0                __RAL_ascii_wctomb
 .text.libc.__RAL_ascii_mbtowc
                0x00000000080055de       0x24 /Applications/SEGGER Embedded Studio for ARM 3.34/lib/libc_v7m_t_le_eabi.a(libc2.o)
                0x00000000080055de                __RAL_ascii_mbtowc
 .text.libc.__getc
                0x0000000008005602       0x20 /Applications/SEGGER Embedded Studio for ARM 3.34/lib/libc_v7m_t_le_eabi.a(libc2.o)
                0x0000000008005602                __getc
 *fill*         0x0000000008005622        0x2 
 .text.libc.__RAL_pow10
                0x0000000008005624       0x60 /Applications/SEGGER Embedded Studio for ARM 3.34/lib/libc_v7m_t_le_eabi.a(libc2.o)
                0x0000000008005624                __RAL_pow10
 .text.libc.__putc
                0x0000000008005684       0x34 /Applications/SEGGER Embedded Studio for ARM 3.34/lib/libc_v7m_t_le_eabi.a(libc2.o)
                0x0000000008005684                __putc
 .text.libc.__RAL_print_padding
                0x00000000080056b8       0x1c /Applications/SEGGER Embedded Studio for ARM 3.34/lib/libc_v7m_t_le_eabi.a(libc2.o)
                0x00000000080056b8                __RAL_print_padding
 .text.libc.__RAL_pre_padding
                0x00000000080056d4       0x1c /Applications/SEGGER Embedded Studio for ARM 3.34/lib/libc_v7m_t_le_eabi.a(libc2.o)
                0x00000000080056d4                __RAL_pre_padding
 .text.libc.abs
                0x00000000080056f0        0x8 /Applications/SEGGER Embedded Studio for ARM 3.34/lib/libc_v7m_t_le_eabi.a(libc2.o)
                0x00000000080056f0                abs
 .text.libc.__RAL_isctype
                0x00000000080056f8       0x14 /Applications/SEGGER Embedded Studio for ARM 3.34/lib/libc_v7m_t_le_eabi.a(libc2.o)
                0x00000000080056f8                __RAL_isctype
 .text.libc.isupper
                0x000000000800570c        0xa /Applications/SEGGER Embedded Studio for ARM 3.34/lib/libc_v7m_t_le_eabi.a(libc2.o)
                0x000000000800570c                isupper
 .text.libc.islower
                0x0000000008005716        0xa /Applications/SEGGER Embedded Studio for ARM 3.34/lib/libc_v7m_t_le_eabi.a(libc2.o)
                0x0000000008005716                islower
 .text.libc.isdigit
                0x0000000008005720        0xa /Applications/SEGGER Embedded Studio for ARM 3.34/lib/libc_v7m_t_le_eabi.a(libc2.o)
                0x0000000008005720                isdigit
 .text.libc.__digit
                0x000000000800572a       0x3c /Applications/SEGGER Embedded Studio for ARM 3.34/lib/libc_v7m_t_le_eabi.a(libc2.o)
                0x000000000800572a                __digit
 .text.libc.isspace
                0x0000000008005766        0xa /Applications/SEGGER Embedded Studio for ARM 3.34/lib/libc_v7m_t_le_eabi.a(libc2.o)
                0x0000000008005766                isspace
 .text.libc.__aeabi_errno_addr
                0x0000000008005770       0x14 /Applications/SEGGER Embedded Studio for ARM 3.34/lib/libc_v7m_t_le_eabi.a(libc2.o)
                0x0000000008005770                __aeabi_errno_addr
 .text.libc.__strtoul
                0x0000000008005784       0xdc /Applications/SEGGER Embedded Studio for ARM 3.34/lib/libc_v7m_t_le_eabi.a(libc2.o)
                0x0000000008005784                __strtoul
 .text.libc.memmove
                0x0000000008005860       0x38 /Applications/SEGGER Embedded Studio for ARM 3.34/lib/libc_v7m_t_le_eabi.a(libc2.o)
                0x0000000008005860                memmove
                0x0000000008005860                __aeabi_memmove8
                0x0000000008005860                __aeabi_memmove
                0x0000000008005860                __aeabi_memmove4
 .text.libc.sprintf
                0x0000000008005898       0x2a /Applications/SEGGER Embedded Studio for ARM 3.34/lib/libc_v7m_t_le_eabi.a(libc2.o)
                0x0000000008005898                sprintf
 .text.libc.sscanf
                0x00000000080058c2       0x26 /Applications/SEGGER Embedded Studio for ARM 3.34/lib/libc_v7m_t_le_eabi.a(libc2.o)
                0x00000000080058c2                sscanf
 .text.libc.strcat
                0x00000000080058e8       0x86 /Applications/SEGGER Embedded Studio for ARM 3.34/lib/libc_v7m_t_le_eabi.a(libc2.o)
                0x00000000080058e8                strcat
 .text.libc.strchr
                0x000000000800596e       0x20 /Applications/SEGGER Embedded Studio for ARM 3.34/lib/libc_v7m_t_le_eabi.a(libc2.o)
                0x000000000800596e                strchr
 .text.libc.strnlen
                0x000000000800598e       0x20 /Applications/SEGGER Embedded Studio for ARM 3.34/lib/libc_v7m_t_le_eabi.a(libc2.o)
                0x000000000800598e                strnlen
 .text.libc.strstr
                0x00000000080059ae       0x40 /Applications/SEGGER Embedded Studio for ARM 3.34/lib/libc_v7m_t_le_eabi.a(libc2.o)
                0x00000000080059ae                strstr
 .text.libc.strtol
                0x00000000080059ee       0xac /Applications/SEGGER Embedded Studio for ARM 3.34/lib/libc_v7m_t_le_eabi.a(libc2.o)
                0x00000000080059ee                strtol
 .text.libc.atoi
                0x0000000008005a9a       0x20 /Applications/SEGGER Embedded Studio for ARM 3.34/lib/libc_v7m_t_le_eabi.a(libc2.o)
                0x0000000008005a9a                atoi
 *fill*         0x0000000008005aba        0x2 
 .text.libc.wctomb_l
                0x0000000008005abc       0x30 /Applications/SEGGER Embedded Studio for ARM 3.34/lib/libc_v7m_t_le_eabi.a(libc2.o)
                0x0000000008005abc                wctomb_l
 .text.libc.wctomb
                0x0000000008005aec       0x10 /Applications/SEGGER Embedded Studio for ARM 3.34/lib/libc_v7m_t_le_eabi.a(libc2.o)
                0x0000000008005aec                wctomb
 .text.libc.__RAL_init_mbstate
                0x0000000008005afc        0x8 /Applications/SEGGER Embedded Studio for ARM 3.34/lib/libc_v7m_t_le_eabi.a(libc2.o)
                0x0000000008005afc                __RAL_init_mbstate
 .text.libc.memset
                0x0000000008005b04       0x68 /Applications/SEGGER Embedded Studio for ARM 3.34/lib/libc_v7m_t_le_eabi.a(libc2_asm.o)
                0x0000000008005b04                memset
 .text.libc.strlen
                0x0000000008005b6c       0x60 /Applications/SEGGER Embedded Studio for ARM 3.34/lib/libc_v7m_t_le_eabi.a(libc2_asm.o)
                0x0000000008005b6c                strlen
 .text.libc.__int64_udivmod
                0x0000000008005bcc       0xd0 /Applications/SEGGER Embedded Studio for ARM 3.34/lib/libc_v7m_t_le_eabi.a(libc_asm.o)
                0x0000000008005bcc                __int64_udivmod
                0x0000000008005bcc                __aeabi_uldivmod
                0x0000000008005bcc                __int64_udiv
                0x0000000008005bcc                __udivdi3
 .text.libc.__RAL_compute_wide_metrics
                0x0000000008005c9c       0x34 /Applications/SEGGER Embedded Studio for ARM 3.34/lib/libvfprintf_v7m_t_le_eabi.o
                0x0000000008005c9c                __RAL_compute_wide_metrics
 .text.libc.__RAL_print_wide_string
                0x0000000008005cd0       0x48 /Applications/SEGGER Embedded Studio for ARM 3.34/lib/libvfprintf_v7m_t_le_eabi.o
                0x0000000008005cd0                __RAL_print_wide_string
 .text.libc.__vfprintf_float_long_wchar
                0x0000000008005d18     0x1158 /Applications/SEGGER Embedded Studio for ARM 3.34/lib/libvfprintf_v7m_t_le_eabi.o
                0x0000000008005d18                __vfprintf_float_long_wchar
 .text.libc.__ungetc
                0x0000000008006e70       0x1e /Applications/SEGGER Embedded Studio for ARM 3.34/lib/libvfscanf_v7m_t_le_eabi.o
 .text.libc.rd_string
                0x0000000008006e8e       0xa8 /Applications/SEGGER Embedded Studio for ARM 3.34/lib/libvfscanf_v7m_t_le_eabi.o
 .text.libc.rd_string_map
                0x0000000008006f36       0x9c /Applications/SEGGER Embedded Studio for ARM 3.34/lib/libvfscanf_v7m_t_le_eabi.o
 .text.libc.rd_int_long
                0x0000000008006fd2      0x180 /Applications/SEGGER Embedded Studio for ARM 3.34/lib/libvfscanf_v7m_t_le_eabi.o
 *fill*         0x0000000008007152        0x2 
 .text.libc.rd_real
                0x0000000008007154      0x264 /Applications/SEGGER Embedded Studio for ARM 3.34/lib/libvfscanf_v7m_t_le_eabi.o
 .text.libc.__vfscanf_float_long_cc
                0x00000000080073b8      0x396 /Applications/SEGGER Embedded Studio for ARM 3.34/lib/libvfscanf_v7m_t_le_eabi.o
                0x00000000080073b8                __vfscanf_float_long_cc
 *fill*         0x000000000800774e        0x2 
 .text.libc.__int32_to_float64
                0x0000000008007750       0x30 /Applications/SEGGER Embedded Studio for ARM 3.34/lib/libm_v7m_t_le_eabi.a(libm_asm.o)
                0x0000000008007750                __floatsidf
                0x0000000008007750                __aeabi_i2d
                0x0000000008007750                __int32_to_float64
 .text.libc.__int64_to_float64
                0x0000000008007780       0xa0 /Applications/SEGGER Embedded Studio for ARM 3.34/lib/libm_v7m_t_le_eabi.a(libm_asm.o)
                0x0000000008007780                __floatdidf
                0x0000000008007780                __int64_to_float64
                0x0000000008007780                __aeabi_l2d
                0x00000000080077a4                __RAL_aeabi_l2d_common
 .text.libc.__uint64_to_float64
                0x0000000008007820       0x14 /Applications/SEGGER Embedded Studio for ARM 3.34/lib/libm_v7m_t_le_eabi.a(libm_asm.o)
                0x0000000008007820                __uint64_to_float64
                0x0000000008007820                __aeabi_ul2d
                0x0000000008007820                __floatundidf
 .text.libc.__float64_to_uint64
                0x0000000008007834       0x48 /Applications/SEGGER Embedded Studio for ARM 3.34/lib/libm_v7m_t_le_eabi.a(libm_asm.o)
                0x0000000008007834                __aeabi_d2ulz
                0x0000000008007834                __fixunsdfdi
                0x0000000008007834                __float64_to_uint64
 .text.libc.__float64_to_float32
                0x000000000800787c       0x70 /Applications/SEGGER Embedded Studio for ARM 3.34/lib/libm_v7m_t_le_eabi.a(libm_asm.o)
                0x000000000800787c                __aeabi_d2f
                0x000000000800787c                __truncdfsf2
                0x000000000800787c                __float64_to_float32
 .text.libc.__float64_add
                0x00000000080078ec      0x294 /Applications/SEGGER Embedded Studio for ARM 3.34/lib/libm_v7m_t_le_eabi.a(libm_asm.o)
                0x00000000080078ec                __aeabi_drsub
                0x00000000080078f4                __float64_sub
                0x00000000080078f4                __aeabi_dsub
                0x00000000080078f4                __subdf3
                0x00000000080078f8                __adddf3
                0x00000000080078f8                __float64_add
                0x00000000080078f8                __aeabi_dadd
 .text.libc.__float64_mul
                0x0000000008007b80      0x16c /Applications/SEGGER Embedded Studio for ARM 3.34/lib/libm_v7m_t_le_eabi.a(libm_asm.o)
                0x0000000008007b80                __aeabi_dmul
                0x0000000008007b80                __float64_mul
                0x0000000008007b80                __muldf3
 .text.libc.__float64_div
                0x0000000008007cec      0x214 /Applications/SEGGER Embedded Studio for ARM 3.34/lib/libm_v7m_t_le_eabi.a(libm_asm.o)
                0x0000000008007cec                __aeabi_ddiv
                0x0000000008007cec                __divdf3
                0x0000000008007cec                __float64_div
 .text.libc.__float64_cmpeq
                0x0000000008007f00       0x34 /Applications/SEGGER Embedded Studio for ARM 3.34/lib/libm_v7m_t_le_eabi.a(libm_asm.o)
                0x0000000008007f00                __aeabi_dcmpeq
 .text.libc.__float64_cmple
                0x0000000008007f34       0x3c /Applications/SEGGER Embedded Studio for ARM 3.34/lib/libm_v7m_t_le_eabi.a(libm_asm.o)
                0x0000000008007f34                __aeabi_dcmple
 .text.libc.__float64_cmpge
                0x0000000008007f70       0x3c /Applications/SEGGER Embedded Studio for ARM 3.34/lib/libm_v7m_t_le_eabi.a(libm_asm.o)
                0x0000000008007f70                __aeabi_dcmpge
 .text.libc.__float64_cmplt
                0x0000000008007fac       0x38 /Applications/SEGGER Embedded Studio for ARM 3.34/lib/libm_v7m_t_le_eabi.a(libm_asm.o)
                0x0000000008007fac                __aeabi_dcmplt
 .text.libc.__float64_cmpgt
                0x0000000008007fe4       0x38 /Applications/SEGGER Embedded Studio for ARM 3.34/lib/libm_v7m_t_le_eabi.a(libm_asm.o)
                0x0000000008007fe4                __aeabi_dcmpgt
 .text.libc.__float64_signbit
                0x000000000800801c        0x8 /Applications/SEGGER Embedded Studio for ARM 3.34/lib/libm_v7m_t_le_eabi.a(libm_asm.o)
                0x000000000800801c                __float64_signbit
 .text.libc.__float32_isinf
                0x0000000008008024       0x10 /Applications/SEGGER Embedded Studio for ARM 3.34/lib/libm_v7m_t_le_eabi.a(libm_asm.o)
                0x0000000008008024                __float32_isinf
 .text.libc.__float64_isinf
                0x0000000008008034       0x10 /Applications/SEGGER Embedded Studio for ARM 3.34/lib/libm_v7m_t_le_eabi.a(libm_asm.o)
                0x0000000008008034                __float64_isinf
 .text.libc.__float64_isnan
                0x0000000008008044       0x10 /Applications/SEGGER Embedded Studio for ARM 3.34/lib/libm_v7m_t_le_eabi.a(libm_asm.o)
                0x0000000008008044                __float64_isnan
 .text.libc.frexp
                0x0000000008008054       0x48 /Applications/SEGGER Embedded Studio for ARM 3.34/lib/libm_v7m_t_le_eabi.a(libm2.o)
                0x0000000008008054                frexp(double, int*)
                0x0000000008008054                frexp
 .text.libc.ldexp
                0x000000000800809c       0x6c /Applications/SEGGER Embedded Studio for ARM 3.34/lib/libm_v7m_t_le_eabi.a(libm2.o)
                0x000000000800809c                ldexp(double, int)
                0x000000000800809c                ldexp
 .text.libc.modf
                0x0000000008008108       0x90 /Applications/SEGGER Embedded Studio for ARM 3.34/lib/libm_v7m_t_le_eabi.a(libm2.o)
                0x0000000008008108                modf
                0x0000000008008108                modf(double, double*)
 .text.libc.floor
                0x0000000008008198       0x9c /Applications/SEGGER Embedded Studio for ARM 3.34/lib/libm_v7m_t_le_eabi.a(libm2.o)
                0x0000000008008198                floor
                0x0000000008008198                floor(double)
 .text.libc.fmod
                0x0000000008008234      0x164 /Applications/SEGGER Embedded Studio for ARM 3.34/lib/libm_v7m_t_le_eabi.a(libm2.o)
                0x0000000008008234                fmod(double, double)
                0x0000000008008234                fmod
 .text.libc.fabs
                0x0000000008008398        0x8 /Applications/SEGGER Embedded Studio for ARM 3.34/lib/libm_v7m_t_le_eabi.a(libm2_asm.o)
                0x0000000008008398                fabs
                0x0000000008008398                fabs(double)
                0x00000000080083a0                __text_end__ = (__text_start__ + SIZEOF (.text))
                0x000000000000806c                __text_size__ = SIZEOF (.text)
                0x00000000080083a0                __text_load_end__ = __text_end__

.vfp11_veneer   0x0000000100000000        0x0
 .vfp11_veneer  0x0000000100000000        0x0 linker stubs

.v4_bx          0x0000000100000000        0x0
 .v4_bx         0x0000000100000000        0x0 linker stubs

.iplt           0x0000000100000000        0x0
 .iplt          0x0000000100000000        0x0 Output/CH_HomeRo CH_HomeRo/Obj/thumb_crt0.o
                0x0000000000000001                . = ASSERT (((__text_start__ == __text_end__) || ((__text_end__ >= __FLASH_segment_start__) && (__text_end__ <= __FLASH_segment_end__))), error: .text is too large to fit in FLASH memory segment)
                0x00000000080083a0                __dtors_load_start__ = ALIGN (__text_end__, 0x4)

.dtors          0x00000000080083a0        0x0
                0x00000000080083a0                __dtors_start__ = .
 *(SORT(.dtors.*))
 *(.dtors)
 *(.fini_array)
 *(SORT(.fini_array.*))
                0x00000000080083a0                __dtors_end__ = (__dtors_start__ + SIZEOF (.dtors))
                0x0000000000000000                __dtors_size__ = SIZEOF (.dtors)
                0x00000000080083a0                __dtors_load_end__ = __dtors_end__
                0x0000000000000001                . = ASSERT (((__dtors_start__ == __dtors_end__) || ((__dtors_end__ >= __FLASH_segment_start__) && (__dtors_end__ <= __FLASH_segment_end__))), error: .dtors is too large to fit in FLASH memory segment)
                0x00000000080083a0                __ctors_load_start__ = ALIGN (__dtors_end__, 0x4)

.ctors          0x00000000080083a0        0x0
                0x00000000080083a0                __ctors_start__ = .
 *(SORT(.ctors.*))
 *(.ctors)
 *(.init_array)
 *(SORT(.init_array.*))
                0x00000000080083a0                __ctors_end__ = (__ctors_start__ + SIZEOF (.ctors))
                0x0000000000000000                __ctors_size__ = SIZEOF (.ctors)
                0x00000000080083a0                __ctors_load_end__ = __ctors_end__
                0x0000000000000001                . = ASSERT (((__ctors_start__ == __ctors_end__) || ((__ctors_end__ >= __FLASH_segment_start__) && (__ctors_end__ <= __FLASH_segment_end__))), error: .ctors is too large to fit in FLASH memory segment)
                0x00000000080083a0                __rodata_load_start__ = ALIGN (__ctors_end__, 0x4)

.rodata         0x00000000080083a0      0x5a8
                0x00000000080083a0                __rodata_start__ = .
 *(.rodata .rodata.* .gnu.linkonce.r.*)
 .rodata        0x00000000080083a0       0x2d Output/CH_HomeRo CH_HomeRo/Obj/main.o
 *fill*         0x00000000080083cd        0x3 
 .rodata        0x00000000080083d0       0x2c Output/CH_HomeRo CH_HomeRo/Obj/spi.o
 .rodata        0x00000000080083fc       0x2e Output/CH_HomeRo CH_HomeRo/Obj/usart.o
 *fill*         0x000000000800842a        0x2 
 .rodata        0x000000000800842c       0x2c Output/CH_HomeRo CH_HomeRo/Obj/adc.o
 .rodata        0x0000000008008458       0x2c Output/CH_HomeRo CH_HomeRo/Obj/tim.o
 .rodata.AHBPrescTable
                0x0000000008008484       0x10 Output/CH_HomeRo CH_HomeRo/Obj/system_stm32f1xx.o
                0x0000000008008484                AHBPrescTable
 .rodata.APBPrescTable
                0x0000000008008494        0x8 Output/CH_HomeRo CH_HomeRo/Obj/system_stm32f1xx.o
                0x0000000008008494                APBPrescTable
 .rodata        0x000000000800849c       0x12 Output/CH_HomeRo CH_HomeRo/Obj/stm32f1xx_hal_rcc.o
 *fill*         0x00000000080084ae        0x2 
 .rodata        0x00000000080084b0       0x12 Output/CH_HomeRo CH_HomeRo/Obj/app.o
 *fill*         0x00000000080084c2        0x2 
 .rodata        0x00000000080084c4       0xe0 Output/CH_HomeRo CH_HomeRo/Obj/bc95.o
 .rodata        0x00000000080085a4       0x17 Output/CH_HomeRo CH_HomeRo/Obj/tools.o
 *fill*         0x00000000080085bb        0x1 
 .rodata.libc.__RAL_ascii_ctype_map
                0x00000000080085bc       0x80 /Applications/SEGGER Embedded Studio for ARM 3.34/lib/libc_v7m_t_le_eabi.a(libc2.o)
                0x00000000080085bc                __RAL_ascii_ctype_map
 .rodata.libc.__RAL_ascii_ctype_mask
                0x000000000800863c        0xd /Applications/SEGGER Embedded Studio for ARM 3.34/lib/libc_v7m_t_le_eabi.a(libc2.o)
 *fill*         0x0000000008008649        0x3 
 .rodata.libc.__RAL_c_locale
                0x000000000800864c        0xc /Applications/SEGGER Embedded Studio for ARM 3.34/lib/libc_v7m_t_le_eabi.a(libc2.o)
                0x000000000800864c                __RAL_c_locale
 .rodata.libc.__RAL_c_locale_abbrev_day_names
                0x0000000008008658       0x1d /Applications/SEGGER Embedded Studio for ARM 3.34/lib/libc_v7m_t_le_eabi.a(libc2.o)
                0x0000000008008658                __RAL_c_locale_abbrev_day_names
 *fill*         0x0000000008008675        0x3 
 .rodata.libc.__RAL_c_locale_abbrev_month_names
                0x0000000008008678       0x31 /Applications/SEGGER Embedded Studio for ARM 3.34/lib/libc_v7m_t_le_eabi.a(libc2.o)
                0x0000000008008678                __RAL_c_locale_abbrev_month_names
 *fill*         0x00000000080086a9        0x3 
 .rodata.libc.__RAL_c_locale_am_pm_indicator
                0x00000000080086ac        0x7 /Applications/SEGGER Embedded Studio for ARM 3.34/lib/libc_v7m_t_le_eabi.a(libc2.o)
                0x00000000080086ac                __RAL_c_locale_am_pm_indicator
 *fill*         0x00000000080086b3        0x1 
 .rodata.libc.__RAL_c_locale_data
                0x00000000080086b4       0x58 /Applications/SEGGER Embedded Studio for ARM 3.34/lib/libc_v7m_t_le_eabi.a(libc2.o)
                0x00000000080086b4                __RAL_c_locale_data
 .rodata.libc.__RAL_c_locale_date_format
                0x000000000800870c        0x9 /Applications/SEGGER Embedded Studio for ARM 3.34/lib/libc_v7m_t_le_eabi.a(libc2.o)
                0x000000000800870c                __RAL_c_locale_date_format
 *fill*         0x0000000008008715        0x3 
 .rodata.libc.__RAL_c_locale_date_time_format
                0x0000000008008718        0xf /Applications/SEGGER Embedded Studio for ARM 3.34/lib/libc_v7m_t_le_eabi.a(libc2.o)
                0x0000000008008718                __RAL_c_locale_date_time_format
 *fill*         0x0000000008008727        0x1 
 .rodata.libc.__RAL_c_locale_day_names
                0x0000000008008728       0x3a /Applications/SEGGER Embedded Studio for ARM 3.34/lib/libc_v7m_t_le_eabi.a(libc2.o)
                0x0000000008008728                __RAL_c_locale_day_names
 *fill*         0x0000000008008762        0x2 
 .rodata.libc.__RAL_c_locale_month_names
                0x0000000008008764       0x57 /Applications/SEGGER Embedded Studio for ARM 3.34/lib/libc_v7m_t_le_eabi.a(libc2.o)
                0x0000000008008764                __RAL_c_locale_month_names
 *fill*         0x00000000080087bb        0x1 
 .rodata.libc.__RAL_c_locale_time_format
                0x00000000080087bc        0x9 /Applications/SEGGER Embedded Studio for ARM 3.34/lib/libc_v7m_t_le_eabi.a(libc2.o)
                0x00000000080087bc                __RAL_c_locale_time_format
 *fill*         0x00000000080087c5        0x3 
 .rodata.libc.__RAL_codeset_ascii
                0x00000000080087c8       0x20 /Applications/SEGGER Embedded Studio for ARM 3.34/lib/libc_v7m_t_le_eabi.a(libc2.o)
                0x00000000080087c8                __RAL_codeset_ascii
 .rodata.libc.__RAL_data_empty_string
                0x00000000080087e8        0x1 /Applications/SEGGER Embedded Studio for ARM 3.34/lib/libc_v7m_t_le_eabi.a(libc2.o)
                0x00000000080087e8                __RAL_data_empty_string
 *fill*         0x00000000080087e9        0x3 
 .rodata.libc.__RAL_data_utf8_period
                0x00000000080087ec        0x2 /Applications/SEGGER Embedded Studio for ARM 3.34/lib/libc_v7m_t_le_eabi.a(libc2.o)
                0x00000000080087ec                __RAL_data_utf8_period
 *fill*         0x00000000080087ee        0x2 
 .rodata.libc.__RAL_find_locale.str1.4
                0x00000000080087f0        0xa /Applications/SEGGER Embedded Studio for ARM 3.34/lib/libc_v7m_t_le_eabi.a(libc2.o)
 *fill*         0x00000000080087fa        0x2 
 .rodata.libc.__RAL_hex_lc
                0x00000000080087fc       0x10 /Applications/SEGGER Embedded Studio for ARM 3.34/lib/libc_v7m_t_le_eabi.a(libc2.o)
                0x00000000080087fc                __RAL_hex_lc
 .rodata.libc.__RAL_hex_uc
                0x000000000800880c       0x10 /Applications/SEGGER Embedded Studio for ARM 3.34/lib/libc_v7m_t_le_eabi.a(libc2.o)
                0x000000000800880c                __RAL_hex_uc
 .rodata.libc.__aeabi_EDOM
                0x000000000800881c        0x4 /Applications/SEGGER Embedded Studio for ARM 3.34/lib/libc_v7m_t_le_eabi.a(libc2.o)
                0x000000000800881c                __aeabi_EDOM
 .rodata.libc.__aeabi_ERANGE
                0x0000000008008820        0x4 /Applications/SEGGER Embedded Studio for ARM 3.34/lib/libc_v7m_t_le_eabi.a(libc2.o)
                0x0000000008008820                __aeabi_ERANGE
 *fill*         0x0000000008008824        0x4 
 .rodata.libc.power
                0x0000000008008828       0x48 /Applications/SEGGER Embedded Studio for ARM 3.34/lib/libc_v7m_t_le_eabi.a(libc2.o)
 .rodata.libc.__vfprintf_float_long.str1.4
                0x0000000008008870       0x28 /Applications/SEGGER Embedded Studio for ARM 3.34/lib/libvfprintf_v7m_t_le_eabi.o
 .rodata.libc.__vfprintf_int.str1.4
                0x0000000008008898        0x8 /Applications/SEGGER Embedded Studio for ARM 3.34/lib/libvfprintf_v7m_t_le_eabi.o
                                          0x7 (size before relaxing)
 .rodata.libc.ipow10
                0x00000000080088a0       0xa0 /Applications/SEGGER Embedded Studio for ARM 3.34/lib/libvfprintf_v7m_t_le_eabi.o
 .rodata.libc.__float64_nan
                0x0000000008008940        0x8 /Applications/SEGGER Embedded Studio for ARM 3.34/lib/libm_v7m_t_le_eabi.a(libm_asm.o)
                0x0000000008008940                __float64_nan
                0x0000000008008948                __rodata_end__ = (__rodata_start__ + SIZEOF (.rodata))
                0x00000000000005a8                __rodata_size__ = SIZEOF (.rodata)
                0x0000000008008948                __rodata_load_end__ = __rodata_end__

.rel.dyn        0x0000000008000000        0x0
 .rel.iplt      0x0000000008000000        0x0 Output/CH_HomeRo CH_HomeRo/Obj/thumb_crt0.o
                0x0000000000000001                . = ASSERT (((__rodata_start__ == __rodata_end__) || ((__rodata_end__ >= __FLASH_segment_start__) && (__rodata_end__ <= __FLASH_segment_end__))), error: .rodata is too large to fit in FLASH memory segment)
                0x0000000008008948                __ARM.exidx_load_start__ = ALIGN (__rodata_end__, 0x4)

.ARM.exidx      0x0000000008008948        0x0
                0x0000000008008948                __ARM.exidx_start__ = .
                0x0000000008008948                __exidx_start = __ARM.exidx_start__
 *(.ARM.exidx .ARM.exidx.*)
                0x0000000008008948                __ARM.exidx_end__ = (__ARM.exidx_start__ + SIZEOF (.ARM.exidx))
                0x0000000000000000                __ARM.exidx_size__ = SIZEOF (.ARM.exidx)
                0x0000000008008948                __exidx_end = __ARM.exidx_end__
                0x0000000008008948                __ARM.exidx_load_end__ = __ARM.exidx_end__
                0x0000000000000001                . = ASSERT (((__ARM.exidx_start__ == __ARM.exidx_end__) || ((__ARM.exidx_end__ >= __FLASH_segment_start__) && (__ARM.exidx_end__ <= __FLASH_segment_end__))), error: .ARM.exidx is too large to fit in FLASH memory segment)
                0x0000000008008948                __fast_load_start__ = ALIGN (__ARM.exidx_end__, 0x4)

.fast           0x0000000020000000        0x0 load address 0x0000000008008948
                0x0000000020000000                __fast_start__ = .
 *(.fast .fast.*)
                0x0000000020000000                __fast_end__ = (__fast_start__ + SIZEOF (.fast))
                0x0000000000000000                __fast_size__ = SIZEOF (.fast)
                0x0000000008008948                __fast_load_end__ = (__fast_load_start__ + SIZEOF (.fast))
                0x0000000000000001                . = ASSERT (((__fast_load_start__ == __fast_load_end__) || ((__fast_load_end__ >= __FLASH_segment_start__) && (__fast_load_end__ <= __FLASH_segment_end__))), error: .fast is too large to fit in FLASH memory segment)

.fast_run       0x0000000020000000        0x0
                0x0000000020000000                __fast_run_start__ = .
                0x0000000020000000                . = MAX ((__fast_run_start__ + SIZEOF (.fast)), .)
                0x0000000020000000                __fast_run_end__ = (__fast_run_start__ + SIZEOF (.fast_run))
                0x0000000000000000                __fast_run_size__ = SIZEOF (.fast_run)
                0x0000000020000000                __fast_run_load_end__ = __fast_run_end__
                0x0000000000000001                . = ASSERT (((__fast_run_start__ == __fast_run_end__) || ((__fast_run_end__ >= __RAM_segment_start__) && (__fast_run_end__ <= __RAM_segment_end__))), error: .fast_run is too large to fit in RAM memory segment)
                0x0000000008008948                __data_load_start__ = ALIGN ((__fast_load_start__ + SIZEOF (.fast)), 0x4)

.data           0x0000000020000000      0x10c load address 0x0000000008008948
                0x0000000020000000                __data_start__ = .
 *(.data .data.* .gnu.linkonce.d.*)
 .data.SystemCoreClock
                0x0000000020000000        0x4 Output/CH_HomeRo CH_HomeRo/Obj/system_stm32f1xx.o
                0x0000000020000000                SystemCoreClock
 .data.cmd_check
                0x0000000020000004        0x5 Output/CH_HomeRo CH_HomeRo/Obj/bc95.o
                0x0000000020000004                cmd_check
 *fill*         0x0000000020000009        0x3 
 .data.cmd_unset_back
                0x000000002000000c        0xc Output/CH_HomeRo CH_HomeRo/Obj/bc95.o
                0x000000002000000c                cmd_unset_back
 .data.cmd_unset_psm
                0x0000000020000018        0xd Output/CH_HomeRo CH_HomeRo/Obj/bc95.o
                0x0000000020000018                cmd_unset_psm
 *fill*         0x0000000020000025        0x3 
 .data.cmd_set_pdp
                0x0000000020000028        0xd Output/CH_HomeRo CH_HomeRo/Obj/bc95.o
                0x0000000020000028                cmd_set_pdp
 *fill*         0x0000000020000035        0x3 
 .data.cmd_get_profile_status
                0x0000000020000038        0xc Output/CH_HomeRo CH_HomeRo/Obj/bc95.o
                0x0000000020000038                cmd_get_profile_status
 .data.cmd_get_imsi
                0x0000000020000044        0xa Output/CH_HomeRo CH_HomeRo/Obj/bc95.o
                0x0000000020000044                cmd_get_imsi
 *fill*         0x000000002000004e        0x2 
 .data.cmd_get_imei
                0x0000000020000050        0xc Output/CH_HomeRo CH_HomeRo/Obj/bc95.o
                0x0000000020000050                cmd_get_imei
 .data.cmd_get_csq
                0x000000002000005c        0x9 Output/CH_HomeRo CH_HomeRo/Obj/bc95.o
                0x000000002000005c                cmd_get_csq
 *fill*         0x0000000020000065        0x3 
 .data.cmd_get_iccid
                0x0000000020000068        0xc Output/CH_HomeRo CH_HomeRo/Obj/bc95.o
                0x0000000020000068                cmd_get_iccid
 .data.cmd_set_sended_flag
                0x0000000020000074        0xc Output/CH_HomeRo CH_HomeRo/Obj/bc95.o
                0x0000000020000074                cmd_set_sended_flag
 .data.cmd_set_recv_flag
                0x0000000020000080        0xc Output/CH_HomeRo CH_HomeRo/Obj/bc95.o
                0x0000000020000080                cmd_set_recv_flag
 .data.cmd_get_server_ip
                0x000000002000008c        0xb Output/CH_HomeRo CH_HomeRo/Obj/bc95.o
                0x000000002000008c                cmd_get_server_ip
 *fill*         0x0000000020000097        0x1 
 .data.cmd_coap_get_data
                0x0000000020000098        0xa Output/CH_HomeRo CH_HomeRo/Obj/bc95.o
                0x0000000020000098                cmd_coap_get_data
 *fill*         0x00000000200000a2        0x2 
 .data.cmd_disconnect
                0x00000000200000a4        0xc Output/CH_HomeRo CH_HomeRo/Obj/bc95.o
                0x00000000200000a4                cmd_disconnect
 .data.cmd_set_fully_funtion
                0x00000000200000b0        0xc Output/CH_HomeRo CH_HomeRo/Obj/bc95.o
                0x00000000200000b0                cmd_set_fully_funtion
 .data.cmd_reboot
                0x00000000200000bc        0x9 Output/CH_HomeRo CH_HomeRo/Obj/bc95.o
                0x00000000200000bc                cmd_reboot
 *fill*         0x00000000200000c5        0x3 
 .data.cmd_ok   0x00000000200000c8        0x3 Output/CH_HomeRo CH_HomeRo/Obj/bc95.o
                0x00000000200000c8                cmd_ok
 *fill*         0x00000000200000cb        0x1 
 .data.cmd_coap_have_recv
                0x00000000200000cc        0x6 Output/CH_HomeRo CH_HomeRo/Obj/bc95.o
                0x00000000200000cc                cmd_coap_have_recv
 *fill*         0x00000000200000d2        0x2 
 .data.server_ip
                0x00000000200000d4       0x15 Output/CH_HomeRo CH_HomeRo/Obj/bc95.o
                0x00000000200000d4                server_ip
 *fill*         0x00000000200000e9        0x3 
 .data.header   0x00000000200000ec        0x9 Output/CH_HomeRo CH_HomeRo/Obj/bc95.o
                0x00000000200000ec                header
 *fill*         0x00000000200000f5        0x3 
 .data.libc.__RAL_global_locale
                0x00000000200000f8       0x14 /Applications/SEGGER Embedded Studio for ARM 3.34/lib/libc_v7m_t_le_eabi.a(libc2.o)
                0x00000000200000f8                __RAL_global_locale
                0x000000002000010c                __data_end__ = (__data_start__ + SIZEOF (.data))
                0x000000000000010c                __data_size__ = SIZEOF (.data)
                0x0000000008008a54                __data_load_end__ = (__data_load_start__ + SIZEOF (.data))

.igot.plt       0x0000000100000000        0x0
 .igot.plt      0x0000000100000000        0x0 Output/CH_HomeRo CH_HomeRo/Obj/thumb_crt0.o
                0x0000000000000001                . = ASSERT (((__data_load_start__ == __data_load_end__) || ((__data_load_end__ >= __FLASH_segment_start__) && (__data_load_end__ <= __FLASH_segment_end__))), error: .data is too large to fit in FLASH memory segment)

.data_run       0x0000000020000000      0x10c load address 0x0000000008008948
                0x0000000020000000                __data_run_start__ = .
                0x000000002000010c                . = MAX ((__data_run_start__ + SIZEOF (.data)), .)
 *fill*         0x0000000020000000      0x10c 
                0x000000002000010c                __data_run_end__ = (__data_run_start__ + SIZEOF (.data_run))
                0x000000000000010c                __data_run_size__ = SIZEOF (.data_run)
                0x000000002000010c                __data_run_load_end__ = __data_run_end__
                0x0000000000000001                . = ASSERT (((__data_run_start__ == __data_run_end__) || ((__data_run_end__ >= __RAM_segment_start__) && (__data_run_end__ <= __RAM_segment_end__))), error: .data_run is too large to fit in RAM memory segment)
                0x0000000008008a54                __tdata_load_start__ = ALIGN ((__data_load_start__ + SIZEOF (.data)), 0x4)

.tdata          0x000000002000010c        0x0 load address 0x0000000008008a54
                0x000000002000010c                __tdata_start__ = .
 *(.tdata .tdata.*)
                0x000000002000010c                __tdata_end__ = (__tdata_start__ + SIZEOF (.tdata))
                0x0000000000000000                __tdata_size__ = SIZEOF (.tdata)
                0x0000000008008a54                __tdata_load_end__ = (__tdata_load_start__ + SIZEOF (.tdata))
                0x0000000008008a54                __FLASH_segment_used_end__ = (ALIGN ((__data_load_start__ + SIZEOF (.data)), 0x4) + SIZEOF (.tdata))
                0x0000000000008a54                __FLASH_segment_used_size__ = (__FLASH_segment_used_end__ - __FLASH_segment_start__)
                0x0000000000000001                . = ASSERT (((__tdata_load_start__ == __tdata_load_end__) || ((__tdata_load_end__ >= __FLASH_segment_start__) && (__tdata_load_end__ <= __FLASH_segment_end__))), error: .tdata is too large to fit in FLASH memory segment)

.tdata_run      0x000000002000010c        0x0
                0x000000002000010c                __tdata_run_start__ = .
                0x000000002000010c                . = MAX ((__tdata_run_start__ + SIZEOF (.tdata)), .)
                0x000000002000010c                __tdata_run_end__ = (__tdata_run_start__ + SIZEOF (.tdata_run))
                0x0000000000000000                __tdata_run_size__ = SIZEOF (.tdata_run)
                0x000000002000010c                __tdata_run_load_end__ = __tdata_run_end__
                0x0000000000000001                . = ASSERT (((__tdata_run_start__ == __tdata_run_end__) || ((__tdata_run_end__ >= __RAM_segment_start__) && (__tdata_run_end__ <= __RAM_segment_end__))), error: .tdata_run is too large to fit in RAM memory segment)
                0x000000002000010c                __bss_load_start__ = ALIGN (__tdata_run_end__, 0x4)

.bss            0x000000002000010c      0x97c
                0x000000002000010c                __bss_start__ = .
 *(.bss .bss.* .gnu.linkonce.b.*)
 .bss.hspi2     0x000000002000010c       0x58 Output/CH_HomeRo CH_HomeRo/Obj/spi.o
                0x000000002000010c                hspi2
 .bss.huart1    0x0000000020000164       0x40 Output/CH_HomeRo CH_HomeRo/Obj/usart.o
                0x0000000020000164                huart1
 .bss.huart2    0x00000000200001a4       0x40 Output/CH_HomeRo CH_HomeRo/Obj/usart.o
                0x00000000200001a4                huart2
 .bss.hdma_usart1_rx
                0x00000000200001e4       0x44 Output/CH_HomeRo CH_HomeRo/Obj/usart.o
                0x00000000200001e4                hdma_usart1_rx
 .bss.hdma_usart1_tx
                0x0000000020000228       0x44 Output/CH_HomeRo CH_HomeRo/Obj/usart.o
                0x0000000020000228                hdma_usart1_tx
 .bss.hdma_usart2_tx
                0x000000002000026c       0x44 Output/CH_HomeRo CH_HomeRo/Obj/usart.o
                0x000000002000026c                hdma_usart2_tx
 .bss.hadc1     0x00000000200002b0       0x30 Output/CH_HomeRo CH_HomeRo/Obj/adc.o
                0x00000000200002b0                hadc1
 .bss.hdma_adc1
                0x00000000200002e0       0x44 Output/CH_HomeRo CH_HomeRo/Obj/adc.o
                0x00000000200002e0                hdma_adc1
 .bss.htim1     0x0000000020000324       0x40 Output/CH_HomeRo CH_HomeRo/Obj/tim.o
                0x0000000020000324                htim1
 .bss.htim2     0x0000000020000364       0x40 Output/CH_HomeRo CH_HomeRo/Obj/tim.o
                0x0000000020000364                htim2
 .bss.htim3     0x00000000200003a4       0x40 Output/CH_HomeRo CH_HomeRo/Obj/tim.o
                0x00000000200003a4                htim3
 .bss.htim4     0x00000000200003e4       0x40 Output/CH_HomeRo CH_HomeRo/Obj/tim.o
                0x00000000200003e4                htim4
 .bss.uwTick    0x0000000020000424        0x4 Output/CH_HomeRo CH_HomeRo/Obj/stm32f1xx_hal.o
                0x0000000020000424                uwTick
 .bss.pFlash    0x0000000020000428       0x20 Output/CH_HomeRo CH_HomeRo/Obj/stm32f1xx_hal_flash.o
                0x0000000020000428                pFlash
 .bss.device_status
                0x0000000020000448       0x7c Output/CH_HomeRo CH_HomeRo/Obj/app.o
                0x0000000020000448                device_status
 .bss.device_error
                0x00000000200004c4        0x4 Output/CH_HomeRo CH_HomeRo/Obj/app.o
                0x00000000200004c4                device_error
 .bss.bc95_recv
                0x00000000200004c8      0x4b8 Output/CH_HomeRo CH_HomeRo/Obj/bc95.o
                0x00000000200004c8                bc95_recv
 .bss.bc95_status
                0x0000000020000980       0x3a Output/CH_HomeRo CH_HomeRo/Obj/bc95.o
                0x0000000020000980                bc95_status
 *fill*         0x00000000200009ba        0x2 
 .bss.flash_pages_data
                0x00000000200009bc       0xc8 Output/CH_HomeRo CH_HomeRo/Obj/tools.o
                0x00000000200009bc                flash_pages_data
 .bss.libc.__user_format_extender
                0x0000000020000a84        0x4 /Applications/SEGGER Embedded Studio for ARM 3.34/lib/libc_v7m_t_le_eabi.a(libc2.o)
                0x0000000020000a84                __user_format_extender
 *(COMMON)
                0x0000000020000a88                __bss_end__ = (__bss_start__ + SIZEOF (.bss))
                0x000000000000097c                __bss_size__ = SIZEOF (.bss)
                0x0000000020000a88                __bss_load_end__ = __bss_end__
                0x0000000000000001                . = ASSERT (((__bss_start__ == __bss_end__) || ((__bss_end__ >= __RAM_segment_start__) && (__bss_end__ <= __RAM_segment_end__))), error: .bss is too large to fit in RAM memory segment)
                0x0000000020000a88                __tbss_load_start__ = ALIGN (__bss_end__, 0x4)

.tbss           0x0000000020000a88        0xc
                0x0000000020000a88                __tbss_start__ = .
 *(.tbss .tbss.*)
 .tbss.__RAL_wctomb_mbstate
                0x0000000020000a88        0x8 /Applications/SEGGER Embedded Studio for ARM 3.34/lib/libc_v7m_t_le_eabi.a(libc2.o)
 .tbss.errno_val
                0x0000000020000a90        0x4 /Applications/SEGGER Embedded Studio for ARM 3.34/lib/libc_v7m_t_le_eabi.a(libc2.o)
                0x0000000020000a94                __tbss_end__ = (__tbss_start__ + SIZEOF (.tbss))
                0x000000000000000c                __tbss_size__ = SIZEOF (.tbss)
                0x0000000020000a94                __tbss_load_end__ = __tbss_end__
                0x0000000000000001                . = ASSERT (((__tbss_start__ == __tbss_end__) || ((__tbss_end__ >= __RAM_segment_start__) && (__tbss_end__ <= __RAM_segment_end__))), error: .tbss is too large to fit in RAM memory segment)
                0x0000000020000a94                __non_init_load_start__ = ALIGN (__tbss_end__, 0x4)

.non_init       0x0000000020000a94        0x0
                0x0000000020000a94                __non_init_start__ = .
 *(.non_init .non_init.*)
                0x0000000020000a94                __non_init_end__ = (__non_init_start__ + SIZEOF (.non_init))
                0x0000000000000000                __non_init_size__ = SIZEOF (.non_init)
                0x0000000020000a94                __non_init_load_end__ = __non_init_end__
                0x0000000000000001                . = ASSERT (((__non_init_start__ == __non_init_end__) || ((__non_init_end__ >= __RAM_segment_start__) && (__non_init_end__ <= __RAM_segment_end__))), error: .non_init is too large to fit in RAM memory segment)
                0x0000000020000a94                __heap_load_start__ = ALIGN (__non_init_end__, 0x4)

.heap           0x0000000020000a94      0x400
                0x0000000020000a94                __heap_start__ = .
 *(.heap .heap.*)
                0x0000000020000e94                . = ALIGN (MAX ((__heap_start__ + __HEAPSIZE__), .), 0x4)
 *fill*         0x0000000020000a94      0x400 
                0x0000000020000e94                __heap_end__ = (__heap_start__ + SIZEOF (.heap))
                0x0000000000000400                __heap_size__ = SIZEOF (.heap)
                0x0000000020000e94                __heap_load_end__ = __heap_end__
                0x0000000000000001                . = ASSERT (((__heap_start__ == __heap_end__) || ((__heap_end__ >= __RAM_segment_start__) && (__heap_end__ <= __RAM_segment_end__))), error: .heap is too large to fit in RAM memory segment)
                0x0000000020004c00                __stack_load_start__ = (__RAM_segment_end__ - 0x400)

.stack          0x0000000020004c00      0x400
                0x0000000020004c00                __stack_start__ = .
 *(.stack .stack.*)
                0x0000000020005000                . = ALIGN (MAX ((__stack_start__ + __STACKSIZE__), .), 0x8)
 *fill*         0x0000000020004c00      0x400 
                0x0000000020005000                __stack_end__ = (__stack_start__ + SIZEOF (.stack))
                0x0000000000000400                __stack_size__ = SIZEOF (.stack)
                0x0000000020005000                __stack_load_end__ = __stack_end__
                0x0000000000000001                . = ASSERT (((__stack_start__ == __stack_end__) || ((__stack_end__ >= __RAM_segment_start__) && (__stack_end__ <= __RAM_segment_end__))), error: .stack is too large to fit in RAM memory segment)
                0x0000000000000001                . = ASSERT ((__heap_end__ <= __stack_start__), error: section .heap overlaps absolute placed section .stack)
                0x0000000020005000                __stack_process_load_start__ = ALIGN (__stack_end__, 0x8)

.stack_process  0x0000000020005000        0x0
                0x0000000020005000                __stack_process_start__ = .
 *(.stack_process .stack_process.*)
                0x0000000020005000                . = ALIGN (MAX ((__stack_process_start__ + __STACKSIZE_PROCESS__), .), 0x8)
                0x0000000020005000                __stack_process_end__ = (__stack_process_start__ + SIZEOF (.stack_process))
                0x0000000000000000                __stack_process_size__ = SIZEOF (.stack_process)
                0x0000000020005000                __stack_process_load_end__ = __stack_process_end__
                0x0000000020005000                __RAM_segment_used_end__ = (ALIGN (__stack_end__, 0x8) + SIZEOF (.stack_process))
                0x0000000000005000                __RAM_segment_used_size__ = (__RAM_segment_used_end__ - __RAM_segment_start__)
                0x0000000000000001                . = ASSERT (((__stack_process_start__ == __stack_process_end__) || ((__stack_process_end__ >= __RAM_segment_start__) && (__stack_process_end__ <= __RAM_segment_end__))), error: .stack_process is too large to fit in RAM memory segment)
START GROUP
LOAD Output/CH_HomeRo CH_HomeRo/Obj/thumb_crt0.o
LOAD Output/CH_HomeRo CH_HomeRo/Obj/STM32F103xx_Vectors.o
LOAD Output/CH_HomeRo CH_HomeRo/Obj/main.o
LOAD Output/CH_HomeRo CH_HomeRo/Obj/spi.o
LOAD Output/CH_HomeRo CH_HomeRo/Obj/iwdg.o
LOAD Output/CH_HomeRo CH_HomeRo/Obj/stm32f1xx_hal_msp.o
LOAD Output/CH_HomeRo CH_HomeRo/Obj/usart.o
LOAD Output/CH_HomeRo CH_HomeRo/Obj/adc.o
LOAD Output/CH_HomeRo CH_HomeRo/Obj/tim.o
LOAD Output/CH_HomeRo CH_HomeRo/Obj/dma.o
LOAD Output/CH_HomeRo CH_HomeRo/Obj/gpio.o
LOAD Output/CH_HomeRo CH_HomeRo/Obj/stm32f1xx_it.o
LOAD Output/CH_HomeRo CH_HomeRo/Obj/system_stm32f1xx.o
LOAD Output/CH_HomeRo CH_HomeRo/Obj/STM32F1xx_Startup.o
LOAD Output/CH_HomeRo CH_HomeRo/Obj/stm32f1xx_hal_gpio.o
LOAD Output/CH_HomeRo CH_HomeRo/Obj/stm32f1xx_hal_uart.o
LOAD Output/CH_HomeRo CH_HomeRo/Obj/stm32f1xx_hal.o
LOAD Output/CH_HomeRo CH_HomeRo/Obj/stm32f1xx_hal_pwr.o
LOAD Output/CH_HomeRo CH_HomeRo/Obj/stm32f1xx_hal_flash.o
LOAD Output/CH_HomeRo CH_HomeRo/Obj/stm32f1xx_hal_gpio_ex.o
LOAD Output/CH_HomeRo CH_HomeRo/Obj/stm32f1xx_hal_adc.o
LOAD Output/CH_HomeRo CH_HomeRo/Obj/stm32f1xx_hal_rcc.o
LOAD Output/CH_HomeRo CH_HomeRo/Obj/stm32f1xx_hal_cortex.o
LOAD Output/CH_HomeRo CH_HomeRo/Obj/stm32f1xx_hal_tim.o
LOAD Output/CH_HomeRo CH_HomeRo/Obj/stm32f1xx_hal_tim_ex.o
LOAD Output/CH_HomeRo CH_HomeRo/Obj/stm32f1xx_hal_spi.o
LOAD Output/CH_HomeRo CH_HomeRo/Obj/stm32f1xx_hal_dma.o
LOAD Output/CH_HomeRo CH_HomeRo/Obj/stm32f1xx_hal_rcc_ex.o
LOAD Output/CH_HomeRo CH_HomeRo/Obj/stm32f1xx_hal_flash_ex.o
LOAD Output/CH_HomeRo CH_HomeRo/Obj/stm32f1xx_hal_spi_ex.o
LOAD Output/CH_HomeRo CH_HomeRo/Obj/stm32f1xx_hal_iwdg.o
LOAD Output/CH_HomeRo CH_HomeRo/Obj/stm32f1xx_hal_adc_ex.o
LOAD Output/CH_HomeRo CH_HomeRo/Obj/app.o
LOAD Output/CH_HomeRo CH_HomeRo/Obj/bc95.o
LOAD Output/CH_HomeRo CH_HomeRo/Obj/tools.o
LOAD Output/CH_HomeRo CH_HomeRo/Obj/tds.o
LOAD /Applications/SEGGER Embedded Studio for ARM 3.34/lib/libdebugio_mempoll_v7m_t_le_eabi.a
LOAD /Applications/SEGGER Embedded Studio for ARM 3.34/lib/libm_v7m_t_le_eabi.a
LOAD /Applications/SEGGER Embedded Studio for ARM 3.34/lib/libc_v7m_t_le_eabi.a
LOAD /Applications/SEGGER Embedded Studio for ARM 3.34/lib/libcpp_v7m_t_le_eabi.a
LOAD /Applications/SEGGER Embedded Studio for ARM 3.34/lib/libdebugio_v7m_t_le_eabi.a
LOAD /Applications/SEGGER Embedded Studio for ARM 3.34/lib/libvfprintf_v7m_t_le_eabi.o
LOAD /Applications/SEGGER Embedded Studio for ARM 3.34/lib/libvfscanf_v7m_t_le_eabi.o
END GROUP
OUTPUT(Output/CH_HomeRo/Exe/CH_HomeRo.elf elf32-littlearm)

.ARM.attributes
                0x0000000000000000       0x2f
 .ARM.attributes
                0x0000000000000000       0x21 Output/CH_HomeRo CH_HomeRo/Obj/thumb_crt0.o
 .ARM.attributes
                0x0000000000000021       0x21 Output/CH_HomeRo CH_HomeRo/Obj/STM32F103xx_Vectors.o
 .ARM.attributes
                0x0000000000000042       0x33 Output/CH_HomeRo CH_HomeRo/Obj/main.o
 .ARM.attributes
                0x0000000000000075       0x33 Output/CH_HomeRo CH_HomeRo/Obj/spi.o
 .ARM.attributes
                0x00000000000000a8       0x33 Output/CH_HomeRo CH_HomeRo/Obj/stm32f1xx_hal_msp.o
 .ARM.attributes
                0x00000000000000db       0x33 Output/CH_HomeRo CH_HomeRo/Obj/usart.o
 .ARM.attributes
                0x000000000000010e       0x33 Output/CH_HomeRo CH_HomeRo/Obj/adc.o
 .ARM.attributes
                0x0000000000000141       0x33 Output/CH_HomeRo CH_HomeRo/Obj/tim.o
 .ARM.attributes
                0x0000000000000174       0x33 Output/CH_HomeRo CH_HomeRo/Obj/dma.o
 .ARM.attributes
                0x00000000000001a7       0x33 Output/CH_HomeRo CH_HomeRo/Obj/gpio.o
 .ARM.attributes
                0x00000000000001da       0x33 Output/CH_HomeRo CH_HomeRo/Obj/stm32f1xx_it.o
 .ARM.attributes
                0x000000000000020d       0x33 Output/CH_HomeRo CH_HomeRo/Obj/system_stm32f1xx.o
 .ARM.attributes
                0x0000000000000240       0x21 Output/CH_HomeRo CH_HomeRo/Obj/STM32F1xx_Startup.o
 .ARM.attributes
                0x0000000000000261       0x33 Output/CH_HomeRo CH_HomeRo/Obj/stm32f1xx_hal_gpio.o
 .ARM.attributes
                0x0000000000000294       0x33 Output/CH_HomeRo CH_HomeRo/Obj/stm32f1xx_hal_uart.o
 .ARM.attributes
                0x00000000000002c7       0x33 Output/CH_HomeRo CH_HomeRo/Obj/stm32f1xx_hal.o
 .ARM.attributes
                0x00000000000002fa       0x33 Output/CH_HomeRo CH_HomeRo/Obj/stm32f1xx_hal_flash.o
 .ARM.attributes
                0x000000000000032d       0x33 Output/CH_HomeRo CH_HomeRo/Obj/stm32f1xx_hal_adc.o
 .ARM.attributes
                0x0000000000000360       0x33 Output/CH_HomeRo CH_HomeRo/Obj/stm32f1xx_hal_rcc.o
 .ARM.attributes
                0x0000000000000393       0x33 Output/CH_HomeRo CH_HomeRo/Obj/stm32f1xx_hal_cortex.o
 .ARM.attributes
                0x00000000000003c6       0x33 Output/CH_HomeRo CH_HomeRo/Obj/stm32f1xx_hal_tim.o
 .ARM.attributes
                0x00000000000003f9       0x33 Output/CH_HomeRo CH_HomeRo/Obj/stm32f1xx_hal_tim_ex.o
 .ARM.attributes
                0x000000000000042c       0x33 Output/CH_HomeRo CH_HomeRo/Obj/stm32f1xx_hal_dma.o
 .ARM.attributes
                0x000000000000045f       0x33 Output/CH_HomeRo CH_HomeRo/Obj/stm32f1xx_hal_rcc_ex.o
 .ARM.attributes
                0x0000000000000492       0x33 Output/CH_HomeRo CH_HomeRo/Obj/stm32f1xx_hal_flash_ex.o
 .ARM.attributes
                0x00000000000004c5       0x33 Output/CH_HomeRo CH_HomeRo/Obj/stm32f1xx_hal_spi_ex.o
 .ARM.attributes
                0x00000000000004f8       0x33 Output/CH_HomeRo CH_HomeRo/Obj/app.o
 .ARM.attributes
                0x000000000000052b       0x33 Output/CH_HomeRo CH_HomeRo/Obj/bc95.o
 .ARM.attributes
                0x000000000000055e       0x33 Output/CH_HomeRo CH_HomeRo/Obj/tools.o
 .ARM.attributes
                0x0000000000000591       0x2d /Applications/SEGGER Embedded Studio for ARM 3.34/lib/libc_v7m_t_le_eabi.a(libc2.o)
 .ARM.attributes
                0x00000000000005be       0x1b /Applications/SEGGER Embedded Studio for ARM 3.34/lib/libc_v7m_t_le_eabi.a(libc2_asm.o)
 .ARM.attributes
                0x00000000000005d9       0x1b /Applications/SEGGER Embedded Studio for ARM 3.34/lib/libc_v7m_t_le_eabi.a(libc_asm.o)
 .ARM.attributes
                0x00000000000005f4       0x2d /Applications/SEGGER Embedded Studio for ARM 3.34/lib/libvfprintf_v7m_t_le_eabi.o
 .ARM.attributes
                0x0000000000000621       0x2d /Applications/SEGGER Embedded Studio for ARM 3.34/lib/libvfscanf_v7m_t_le_eabi.o
 .ARM.attributes
                0x000000000000064e       0x1b /Applications/SEGGER Embedded Studio for ARM 3.34/lib/libm_v7m_t_le_eabi.a(libm_asm.o)
 .ARM.attributes
                0x0000000000000669       0x2d /Applications/SEGGER Embedded Studio for ARM 3.34/lib/libm_v7m_t_le_eabi.a(libm2.o)
 .ARM.attributes
                0x0000000000000696       0x1b /Applications/SEGGER Embedded Studio for ARM 3.34/lib/libm_v7m_t_le_eabi.a(libm2_asm.o)

.comment        0x0000000000000000       0x4c
 .comment       0x0000000000000000       0x4c Output/CH_HomeRo CH_HomeRo/Obj/main.o
                                         0x4d (size before relaxing)
 .comment       0x000000000000004c       0x4d Output/CH_HomeRo CH_HomeRo/Obj/spi.o
 .comment       0x000000000000004c       0x4d Output/CH_HomeRo CH_HomeRo/Obj/stm32f1xx_hal_msp.o
 .comment       0x000000000000004c       0x4d Output/CH_HomeRo CH_HomeRo/Obj/usart.o
 .comment       0x000000000000004c       0x4d Output/CH_HomeRo CH_HomeRo/Obj/adc.o
 .comment       0x000000000000004c       0x4d Output/CH_HomeRo CH_HomeRo/Obj/tim.o
 .comment       0x000000000000004c       0x4d Output/CH_HomeRo CH_HomeRo/Obj/dma.o
 .comment       0x000000000000004c       0x4d Output/CH_HomeRo CH_HomeRo/Obj/gpio.o
 .comment       0x000000000000004c       0x4d Output/CH_HomeRo CH_HomeRo/Obj/stm32f1xx_it.o
 .comment       0x000000000000004c       0x4d Output/CH_HomeRo CH_HomeRo/Obj/system_stm32f1xx.o
 .comment       0x000000000000004c       0x4d Output/CH_HomeRo CH_HomeRo/Obj/stm32f1xx_hal_gpio.o
 .comment       0x000000000000004c       0x4d Output/CH_HomeRo CH_HomeRo/Obj/stm32f1xx_hal_uart.o
 .comment       0x000000000000004c       0x4d Output/CH_HomeRo CH_HomeRo/Obj/stm32f1xx_hal.o
 .comment       0x000000000000004c       0x4d Output/CH_HomeRo CH_HomeRo/Obj/stm32f1xx_hal_flash.o
 .comment       0x000000000000004c       0x4d Output/CH_HomeRo CH_HomeRo/Obj/stm32f1xx_hal_adc.o
 .comment       0x000000000000004c       0x4d Output/CH_HomeRo CH_HomeRo/Obj/stm32f1xx_hal_rcc.o
 .comment       0x000000000000004c       0x4d Output/CH_HomeRo CH_HomeRo/Obj/stm32f1xx_hal_cortex.o
 .comment       0x000000000000004c       0x4d Output/CH_HomeRo CH_HomeRo/Obj/stm32f1xx_hal_tim.o
 .comment       0x000000000000004c       0x4d Output/CH_HomeRo CH_HomeRo/Obj/stm32f1xx_hal_tim_ex.o
 .comment       0x000000000000004c       0x4d Output/CH_HomeRo CH_HomeRo/Obj/stm32f1xx_hal_dma.o
 .comment       0x000000000000004c       0x4d Output/CH_HomeRo CH_HomeRo/Obj/stm32f1xx_hal_rcc_ex.o
 .comment       0x000000000000004c       0x4d Output/CH_HomeRo CH_HomeRo/Obj/stm32f1xx_hal_flash_ex.o
 .comment       0x000000000000004c       0x4d Output/CH_HomeRo CH_HomeRo/Obj/stm32f1xx_hal_spi_ex.o
 .comment       0x000000000000004c       0x4d Output/CH_HomeRo CH_HomeRo/Obj/app.o
 .comment       0x000000000000004c       0x4d Output/CH_HomeRo CH_HomeRo/Obj/bc95.o
 .comment       0x000000000000004c       0x4d Output/CH_HomeRo CH_HomeRo/Obj/tools.o
 .comment       0x000000000000004c       0x4d /Applications/SEGGER Embedded Studio for ARM 3.34/lib/libc_v7m_t_le_eabi.a(libc2.o)
 .comment       0x000000000000004c       0x4d /Applications/SEGGER Embedded Studio for ARM 3.34/lib/libvfprintf_v7m_t_le_eabi.o
 .comment       0x000000000000004c       0x4d /Applications/SEGGER Embedded Studio for ARM 3.34/lib/libvfscanf_v7m_t_le_eabi.o
 .comment       0x000000000000004c       0x4d /Applications/SEGGER Embedded Studio for ARM 3.34/lib/libm_v7m_t_le_eabi.a(libm2.o)

.debug_line     0x0000000000000000     0x7593
 .debug_line    0x0000000000000000      0x2a7 Output/CH_HomeRo CH_HomeRo/Obj/thumb_crt0.o
 .debug_line    0x00000000000002a7       0xd8 Output/CH_HomeRo CH_HomeRo/Obj/STM32F103xx_Vectors.o
 .debug_line    0x000000000000037f      0x35b Output/CH_HomeRo CH_HomeRo/Obj/main.o
 .debug_line    0x00000000000006da      0x243 Output/CH_HomeRo CH_HomeRo/Obj/spi.o
 .debug_line    0x000000000000091d      0x18d Output/CH_HomeRo CH_HomeRo/Obj/stm32f1xx_hal_msp.o
 .debug_line    0x0000000000000aaa      0x29e Output/CH_HomeRo CH_HomeRo/Obj/usart.o
 .debug_line    0x0000000000000d48      0x265 Output/CH_HomeRo CH_HomeRo/Obj/adc.o
 .debug_line    0x0000000000000fad      0x30c Output/CH_HomeRo CH_HomeRo/Obj/tim.o
 .debug_line    0x00000000000012b9      0x17e Output/CH_HomeRo CH_HomeRo/Obj/dma.o
 .debug_line    0x0000000000001437      0x1db Output/CH_HomeRo CH_HomeRo/Obj/gpio.o
 .debug_line    0x0000000000001612      0x3a6 Output/CH_HomeRo CH_HomeRo/Obj/stm32f1xx_it.o
 .debug_line    0x00000000000019b8      0x1d0 Output/CH_HomeRo CH_HomeRo/Obj/system_stm32f1xx.o
 .debug_line    0x0000000000001b88       0xa4 Output/CH_HomeRo CH_HomeRo/Obj/STM32F1xx_Startup.o